Component: ARM Compiler 5.06 update 6 (build 750) Tool: armlink [4d35ed]

==============================================================================

Section Cross References

    system_stm32f1xx.o(i.SystemCoreClockUpdate) refers to system_stm32f1xx.o(.data) for .data
    system_stm32f1xx.o(i.SystemCoreClockUpdate) refers to system_stm32f1xx.o(.constdata) for .constdata
    stm32f1xx_it.o(i.SysTick_Handler) refers to stm32f1xx_hal.o(i.HAL_IncTick) for HAL_IncTick
    stm32f1xx_it.o(i.SysTick_Handler) refers to cmsis_os.o(i.osSystickHandler) for osSystickHandler
    gpio.o(i.MX_GPIO_Init) refers to stm32f1xx_hal_gpio.o(i.HAL_GPIO_WritePin) for HAL_GPIO_WritePin
    gpio.o(i.MX_GPIO_Init) refers to stm32f1xx_hal_gpio.o(i.HAL_GPIO_Init) for HAL_GPIO_Init
    main.o(i.SystemClock_Config) refers to stm32f1xx_hal_rcc.o(i.HAL_RCC_OscConfig) for HAL_RCC_OscConfig
    main.o(i.SystemClock_Config) refers to stm32f1xx_hal_rcc.o(i.HAL_RCC_ClockConfig) for HAL_RCC_ClockConfig
    main.o(i.SystemClock_Config) refers to stm32f1xx_hal_rcc.o(i.HAL_RCC_GetHCLKFreq) for HAL_RCC_GetHCLKFreq
    main.o(i.SystemClock_Config) refers to stm32f1xx_hal_cortex.o(i.HAL_SYSTICK_Config) for HAL_SYSTICK_Config
    main.o(i.SystemClock_Config) refers to stm32f1xx_hal_cortex.o(i.HAL_SYSTICK_CLKSourceConfig) for HAL_SYSTICK_CLKSourceConfig
    main.o(i.SystemClock_Config) refers to stm32f1xx_hal_cortex.o(i.HAL_NVIC_SetPriority) for HAL_NVIC_SetPriority
    main.o(i.main) refers to stm32f1xx_hal.o(i.HAL_Init) for HAL_Init
    main.o(i.main) refers to main.o(i.SystemClock_Config) for SystemClock_Config
    main.o(i.main) refers to gpio.o(i.MX_GPIO_Init) for MX_GPIO_Init
    main.o(i.main) refers to usart.o(i.MX_USART1_UART_Init) for MX_USART1_UART_Init
    main.o(i.main) refers to spi.o(i.MX_SPI1_Init) for MX_SPI1_Init
    main.o(i.main) refers to spi.o(i.MX_SPI2_Init) for MX_SPI2_Init
    main.o(i.main) refers to canspi.o(i.CANSPI_Initialize) for CANSPI_Initialize
    main.o(i.main) refers to stm32f1xx_hal_gpio.o(i.HAL_GPIO_WritePin) for HAL_GPIO_WritePin
    main.o(i.main) refers to freertos.o(i.MX_FREERTOS_Init) for MX_FREERTOS_Init
    main.o(i.main) refers to cmsis_os.o(i.osKernelStart) for osKernelStart
    usart.o(i.HAL_UART_MspDeInit) refers to stm32f1xx_hal_gpio.o(i.HAL_GPIO_DeInit) for HAL_GPIO_DeInit
    usart.o(i.HAL_UART_MspInit) refers to stm32f1xx_hal_gpio.o(i.HAL_GPIO_Init) for HAL_GPIO_Init
    usart.o(i.MX_USART1_UART_Init) refers to stm32f1xx_hal_uart.o(i.HAL_UART_Init) for HAL_UART_Init
    usart.o(i.MX_USART1_UART_Init) refers to main.o(i._Error_Handler) for _Error_Handler
    usart.o(i.MX_USART1_UART_Init) refers to usart.o(.bss) for .bss
    stm32f1xx_hal_msp.o(i.HAL_MspInit) refers to stm32f1xx_hal_cortex.o(i.HAL_NVIC_SetPriorityGrouping) for HAL_NVIC_SetPriorityGrouping
    stm32f1xx_hal_msp.o(i.HAL_MspInit) refers to stm32f1xx_hal_cortex.o(i.HAL_NVIC_SetPriority) for HAL_NVIC_SetPriority
    spi.o(i.HAL_SPI_MspDeInit) refers to stm32f1xx_hal_gpio.o(i.HAL_GPIO_DeInit) for HAL_GPIO_DeInit
    spi.o(i.HAL_SPI_MspInit) refers to stm32f1xx_hal_gpio.o(i.HAL_GPIO_Init) for HAL_GPIO_Init
    spi.o(i.MX_SPI1_Init) refers to stm32f1xx_hal_spi_ex.o(i.HAL_SPI_Init) for HAL_SPI_Init
    spi.o(i.MX_SPI1_Init) refers to main.o(i._Error_Handler) for _Error_Handler
    spi.o(i.MX_SPI1_Init) refers to spi.o(.bss) for .bss
    spi.o(i.MX_SPI2_Init) refers to stm32f1xx_hal_spi_ex.o(i.HAL_SPI_Init) for HAL_SPI_Init
    spi.o(i.MX_SPI2_Init) refers to main.o(i._Error_Handler) for _Error_Handler
    spi.o(i.MX_SPI2_Init) refers to spi.o(.bss) for .bss
    freertos.o(i.MX_FREERTOS_Init) refers to memcpya.o(.text) for __aeabi_memcpy4
    freertos.o(i.MX_FREERTOS_Init) refers to cmsis_os.o(i.osThreadCreate) for osThreadCreate
    freertos.o(i.MX_FREERTOS_Init) refers to tasks.o(i.xTaskCreate) for xTaskCreate
    freertos.o(i.MX_FREERTOS_Init) refers to queue.o(i.xQueueGenericCreate) for xQueueGenericCreate
    freertos.o(i.MX_FREERTOS_Init) refers to freertos.o(.constdata) for .constdata
    freertos.o(i.MX_FREERTOS_Init) refers to freertos.o(.data) for .data
    freertos.o(i.MX_FREERTOS_Init) refers to freertos.o(i.vTaskSendMessageUSART) for vTaskSendMessageUSART
    freertos.o(i.MX_FREERTOS_Init) refers to freertos.o(i.vTaskRecieveMessageUsart) for vTaskRecieveMessageUsart
    freertos.o(i.MX_FREERTOS_Init) refers to freertos.o(i.vTaskRecieveMessageSPI1) for vTaskRecieveMessageSPI1
    freertos.o(i.MX_FREERTOS_Init) refers to can.o(i.vTaskAddMessageCAN_EEC2) for vTaskAddMessageCAN_EEC2
    freertos.o(i.StartDefaultTask) refers to cmsis_os.o(i.osDelay) for osDelay
    freertos.o(i.vTaskRecieveMessageUsart) refers to stm32f1xx_hal_uart.o(i.HAL_UART_Receive) for HAL_UART_Receive
    freertos.o(i.vTaskRecieveMessageUsart) refers to queue.o(i.xQueueGenericSend) for xQueueGenericSend
    freertos.o(i.vTaskRecieveMessageUsart) refers to freertos.o(.data) for .data
    freertos.o(i.vTaskRecieveMessageUsart) refers to usart.o(.bss) for huart1
[...]
    Removing stm32f1xx_hal_uart.o(i.UART_DMARxHalfCplt), (10 bytes).
    Removing stm32f1xx_hal_uart.o(i.UART_DMARxOnlyAbortCallback), (20 bytes).
    Removing stm32f1xx_hal_uart.o(i.UART_DMATransmitCplt), (46 bytes).
    Removing stm32f1xx_hal_uart.o(i.UART_DMATxAbortCallback), (42 bytes).
    Removing stm32f1xx_hal_uart.o(i.UART_DMATxHalfCplt), (10 bytes).
    Removing stm32f1xx_hal_uart.o(i.UART_DMATxOnlyAbortCallback), (20 bytes).
    Removing stm32f1xx_hal_uart.o(i.UART_EndRxTransfer), (28 bytes).
    Removing stm32f1xx_hal_uart.o(i.UART_EndTxTransfer), (18 bytes).
    Removing stm32f1xx_hal_uart.o(i.UART_Receive_IT), (150 bytes).
    Removing stm32f1xx_hal_uart.o(i.UART_Transmit_IT), (98 bytes).
    Removing stm32f1xx_hal_pwr.o(.rev16_text), (4 bytes).
    Removing stm32f1xx_hal_pwr.o(.revsh_text), (4 bytes).
    Removing stm32f1xx_hal_pwr.o(.rrx_text), (6 bytes).
    Removing stm32f1xx_hal_pwr.o(i.HAL_PWR_ConfigPVD), (124 bytes).
    Removing stm32f1xx_hal_pwr.o(i.HAL_PWR_DeInit), (24 bytes).
    Removing stm32f1xx_hal_pwr.o(i.HAL_PWR_DisableBkUpAccess), (12 bytes).
    Removing stm32f1xx_hal_pwr.o(i.HAL_PWR_DisablePVD), (12 bytes).
    Removing stm32f1xx_hal_pwr.o(i.HAL_PWR_DisableSEVOnPend), (16 bytes).
    Removing stm32f1xx_hal_pwr.o(i.HAL_PWR_DisableSleepOnExit), (16 bytes).
    Removing stm32f1xx_hal_pwr.o(i.HAL_PWR_DisableWakeUpPin), (28 bytes).
    Removing stm32f1xx_hal_pwr.o(i.HAL_PWR_EnableBkUpAccess), (12 bytes).
    Removing stm32f1xx_hal_pwr.o(i.HAL_PWR_EnablePVD), (12 bytes).
    Removing stm32f1xx_hal_pwr.o(i.HAL_PWR_EnableSEVOnPend), (16 bytes).
    Removing stm32f1xx_hal_pwr.o(i.HAL_PWR_EnableSleepOnExit), (16 bytes).
    Removing stm32f1xx_hal_pwr.o(i.HAL_PWR_EnableWakeUpPin), (28 bytes).
    Removing stm32f1xx_hal_pwr.o(i.HAL_PWR_EnterSLEEPMode), (32 bytes).
    Removing stm32f1xx_hal_pwr.o(i.HAL_PWR_EnterSTANDBYMode), (32 bytes).
    Removing stm32f1xx_hal_pwr.o(i.HAL_PWR_EnterSTOPMode), (68 bytes).
    Removing stm32f1xx_hal_pwr.o(i.HAL_PWR_PVDCallback), (2 bytes).
    Removing stm32f1xx_hal_pwr.o(i.HAL_PWR_PVD_IRQHandler), (28 bytes).
    Removing stm32f1xx_hal_pwr.o(i.PWR_OverloadWfe), (6 bytes).
    Removing stm32f1xx_hal_gpio.o(.rev16_text), (4 bytes).
    Removing stm32f1xx_hal_gpio.o(.revsh_text), (4 bytes).
    Removing stm32f1xx_hal_gpio.o(.rrx_text), (6 bytes).
    Removing stm32f1xx_hal_gpio.o(i.HAL_GPIO_DeInit), (256 bytes).
    Removing stm32f1xx_hal_gpio.o(i.HAL_GPIO_EXTI_Callback), (2 bytes).
    Removing stm32f1xx_hal_gpio.o(i.HAL_GPIO_EXTI_IRQHandler), (24 bytes).
    Removing stm32f1xx_hal_gpio.o(i.HAL_GPIO_LockPin), (34 bytes).
    Removing stm32f1xx_hal_gpio.o(i.HAL_GPIO_ReadPin), (10 bytes).
    Removing stm32f1xx_hal_gpio.o(i.HAL_GPIO_TogglePin), (8 bytes).
    Removing stm32f1xx_hal_flash_ex.o(.rev16_text), (4 bytes).
    Removing stm32f1xx_hal_flash_ex.o(.revsh_text), (4 bytes).
    Removing stm32f1xx_hal_flash_ex.o(.rrx_text), (6 bytes).
    Removing stm32f1xx_hal_flash_ex.o(i.FLASH_MassErase), (36 bytes).
    Removing stm32f1xx_hal_flash_ex.o(i.FLASH_OB_DisableWRP), (176 bytes).
    Removing stm32f1xx_hal_flash_ex.o(i.FLASH_OB_EnableWRP), (176 bytes).
    Removing stm32f1xx_hal_flash_ex.o(i.FLASH_OB_GetRDP), (24 bytes).
    Removing stm32f1xx_hal_flash_ex.o(i.FLASH_OB_RDP_LevelConfig), (100 bytes).
    Removing stm32f1xx_hal_flash_ex.o(i.FLASH_PageErase), (36 bytes).
    Removing stm32f1xx_hal_flash_ex.o(i.HAL_FLASHEx_Erase), (168 bytes).
    Removing stm32f1xx_hal_flash_ex.o(i.HAL_FLASHEx_Erase_IT), (84 bytes).
    Removing stm32f1xx_hal_flash_ex.o(i.HAL_FLASHEx_OBErase), (84 bytes).
    Removing stm32f1xx_hal_flash_ex.o(i.HAL_FLASHEx_OBGetConfig), (36 bytes).
    Removing stm32f1xx_hal_flash_ex.o(i.HAL_FLASHEx_OBGetUserData), (32 bytes).
    Removing stm32f1xx_hal_flash_ex.o(i.HAL_FLASHEx_OBProgram), (200 bytes).
    Removing stm32f1xx_hal.o(.rev16_text), (4 bytes).
    Removing stm32f1xx_hal.o(.revsh_text), (4 bytes).
    Removing stm32f1xx_hal.o(.rrx_text), (6 bytes).
    Removing stm32f1xx_hal.o(i.HAL_DBGMCU_DisableDBGSleepMode), (16 bytes).
    Removing stm32f1xx_hal.o(i.HAL_DBGMCU_DisableDBGStandbyMode), (16 bytes).
    Removing stm32f1xx_hal.o(i.HAL_DBGMCU_DisableDBGStopMode), (16 bytes).
    Removing stm32f1xx_hal.o(i.HAL_DBGMCU_EnableDBGSleepMode), (16 bytes).
    Removing stm32f1xx_hal.o(i.HAL_DBGMCU_EnableDBGStandbyMode), (16 bytes).
    Removing stm32f1xx_hal.o(i.HAL_DBGMCU_EnableDBGStopMode), (16 bytes).
    Removing stm32f1xx_hal.o(i.HAL_DeInit), (32 bytes).
    Removing stm32f1xx_hal.o(i.HAL_Delay), (36 bytes).
    Removing stm32f1xx_hal.o(i.HAL_GetDEVID), (16 bytes).
    Removing stm32f1xx_hal.o(i.HAL_GetHalVersion), (8 bytes).
    Removing stm32f1xx_hal.o(i.HAL_GetREVID), (12 bytes).
    Removing stm32f1xx_hal.o(i.HAL_GetTickFreq), (12 bytes).
    Removing stm32f1xx_hal.o(i.HAL_GetTickPrio), (12 bytes).
    Removing stm32f1xx_hal.o(i.HAL_GetUID), (28 bytes).
    Removing stm32f1xx_hal.o(i.HAL_MspDeInit), (2 bytes).
    Removing stm32f1xx_hal.o(i.HAL_MspInit), (2 bytes).
    Removing stm32f1xx_hal.o(i.HAL_ResumeTick), (14 bytes).
    Removing stm32f1xx_hal.o(i.HAL_SetTickFreq), (28 bytes).
    Removing stm32f1xx_hal.o(i.HAL_SuspendTick), (14 bytes).
    Removing stm32f1xx_hal_rcc_ex.o(.rev16_text), (4 bytes).
    Removing stm32f1xx_hal_rcc_ex.o(.revsh_text), (4 bytes).
    Removing stm32f1xx_hal_rcc_ex.o(.rrx_text), (6 bytes).
    Removing stm32f1xx_hal_rcc_ex.o(i.HAL_RCCEx_GetPeriphCLKConfig), (52 bytes).
    Removing stm32f1xx_hal_rcc_ex.o(i.HAL_RCCEx_GetPeriphCLKFreq), (212 bytes).
    Removing stm32f1xx_hal_rcc_ex.o(i.HAL_RCCEx_PeriphCLKConfig), (236 bytes).
    Removing stm32f1xx_hal_dma.o(.rev16_text), (4 bytes).
    Removing stm32f1xx_hal_dma.o(.revsh_text), (4 bytes).
    Removing stm32f1xx_hal_dma.o(.rrx_text), (6 bytes).
    Removing stm32f1xx_hal_dma.o(i.DMA_SetConfig), (42 bytes).
    Removing stm32f1xx_hal_dma.o(i.HAL_DMA_Abort), (48 bytes).
    Removing stm32f1xx_hal_dma.o(i.HAL_DMA_Abort_IT), (304 bytes).
    Removing stm32f1xx_hal_dma.o(i.HAL_DMA_DeInit), (120 bytes).
    Removing stm32f1xx_hal_dma.o(i.HAL_DMA_GetError), (4 bytes).
    Removing stm32f1xx_hal_dma.o(i.HAL_DMA_GetState), (6 bytes).
    Removing stm32f1xx_hal_dma.o(i.HAL_DMA_IRQHandler), (584 bytes).
    Removing stm32f1xx_hal_dma.o(i.HAL_DMA_Init), (132 bytes).
    Removing stm32f1xx_hal_dma.o(i.HAL_DMA_PollForTransfer), (988 bytes).
    Removing stm32f1xx_hal_dma.o(i.HAL_DMA_RegisterCallback), (74 bytes).
    Removing stm32f1xx_hal_dma.o(i.HAL_DMA_Start), (80 bytes).
    Removing stm32f1xx_hal_dma.o(i.HAL_DMA_Start_IT), (112 bytes).
    Removing stm32f1xx_hal_dma.o(i.HAL_DMA_UnRegisterCallback), (82 bytes).
    Removing stm32f1xx_hal_tim.o(.rev16_text), (4 bytes).
    Removing stm32f1xx_hal_tim.o(.revsh_text), (4 bytes).
    Removing stm32f1xx_hal_tim.o(.rrx_text), (6 bytes).
    Removing stm32f1xx_hal_spi.o(.rev16_text), (4 bytes).
    Removing stm32f1xx_hal_spi.o(.revsh_text), (4 bytes).
    Removing stm32f1xx_hal_spi.o(.rrx_text), (6 bytes).
    Removing stm32f1xx_hal_spi.o(i.HAL_SPI_Abort), (188 bytes).
    Removing stm32f1xx_hal_spi.o(i.HAL_SPI_AbortCpltCallback), (2 bytes).
    Removing stm32f1xx_hal_spi.o(i.HAL_SPI_Abort_IT), (228 bytes).
    Removing stm32f1xx_hal_spi.o(i.HAL_SPI_DMAPause), (38 bytes).
    Removing stm32f1xx_hal_spi.o(i.HAL_SPI_DMAResume), (38 bytes).
    Removing stm32f1xx_hal_spi.o(i.HAL_SPI_DMAStop), (40 bytes).
    Removing stm32f1xx_hal_spi.o(i.HAL_SPI_DeInit), (46 bytes).
    Removing stm32f1xx_hal_spi.o(i.HAL_SPI_ErrorCallback), (2 bytes).
    Removing stm32f1xx_hal_spi.o(i.HAL_SPI_GetError), (4 bytes).
    Removing stm32f1xx_hal_spi.o(i.HAL_SPI_IRQHandler), (196 bytes).
    Removing stm32f1xx_hal_spi.o(i.HAL_SPI_Init), (128 bytes).
    Removing stm32f1xx_hal_spi.o(i.HAL_SPI_MspDeInit), (2 bytes).
    Removing stm32f1xx_hal_spi.o(i.HAL_SPI_MspInit), (2 bytes).
    Removing stm32f1xx_hal_spi.o(i.HAL_SPI_Receive_DMA), (212 bytes).
    Removing stm32f1xx_hal_spi.o(i.HAL_SPI_Receive_IT), (164 bytes).
    Removing stm32f1xx_hal_spi.o(i.HAL_SPI_RxCpltCallback), (2 bytes).
    Removing stm32f1xx_hal_spi.o(i.HAL_SPI_RxHalfCpltCallback), (2 bytes).
    Removing stm32f1xx_hal_spi.o(i.HAL_SPI_TransmitReceive_DMA), (264 bytes).
    Removing stm32f1xx_hal_spi.o(i.HAL_SPI_TransmitReceive_IT), (164 bytes).
    Removing stm32f1xx_hal_spi.o(i.HAL_SPI_Transmit_DMA), (184 bytes).
    Removing stm32f1xx_hal_spi.o(i.HAL_SPI_Transmit_IT), (152 bytes).
    Removing stm32f1xx_hal_spi.o(i.HAL_SPI_TxCpltCallback), (2 bytes).
    Removing stm32f1xx_hal_spi.o(i.HAL_SPI_TxHalfCpltCallback), (2 bytes).
    Removing stm32f1xx_hal_spi.o(i.HAL_SPI_TxRxCpltCallback), (2 bytes).
    Removing stm32f1xx_hal_spi.o(i.HAL_SPI_TxRxHalfCpltCallback), (2 bytes).
    Removing stm32f1xx_hal_spi.o(i.SPI_2linesRxISR_16BIT), (48 bytes).
    Removing stm32f1xx_hal_spi.o(i.SPI_2linesRxISR_8BIT), (46 bytes).
    Removing stm32f1xx_hal_spi.o(i.SPI_2linesTxISR_16BIT), (48 bytes).
    Removing stm32f1xx_hal_spi.o(i.SPI_2linesTxISR_8BIT), (46 bytes).
    Removing stm32f1xx_hal_spi.o(i.SPI_AbortRx_ISR), (80 bytes).
    Removing stm32f1xx_hal_spi.o(i.SPI_AbortTx_ISR), (22 bytes).
    Removing stm32f1xx_hal_spi.o(i.SPI_CloseRxTx_ISR), (144 bytes).
    Removing stm32f1xx_hal_spi.o(i.SPI_CloseRx_ISR), (78 bytes).
    Removing stm32f1xx_hal_spi.o(i.SPI_CloseTx_ISR), (124 bytes).
    Removing stm32f1xx_hal_spi.o(i.SPI_DMAAbortOnError), (16 bytes).
    Removing stm32f1xx_hal_spi.o(i.SPI_DMAError), (34 bytes).
    Removing stm32f1xx_hal_spi.o(i.SPI_DMAHalfReceiveCplt), (10 bytes).
    Removing stm32f1xx_hal_spi.o(i.SPI_DMAHalfTransmitCplt), (10 bytes).
    Removing stm32f1xx_hal_spi.o(i.SPI_DMAHalfTransmitReceiveCplt), (10 bytes).
    Removing stm32f1xx_hal_spi.o(i.SPI_DMAReceiveCplt), (82 bytes).
    Removing stm32f1xx_hal_spi.o(i.SPI_DMARxAbortCallback), (66 bytes).
    Removing stm32f1xx_hal_spi.o(i.SPI_DMATransmitCplt), (90 bytes).
    Removing stm32f1xx_hal_spi.o(i.SPI_DMATransmitReceiveCplt), (80 bytes).
    Removing stm32f1xx_hal_spi.o(i.SPI_DMATxAbortCallback), (96 bytes).
    Removing stm32f1xx_hal_spi.o(i.SPI_ISCRCErrorValid), (4 bytes).
    Removing stm32f1xx_hal_spi.o(i.SPI_RxISR_16BIT), (32 bytes).
    Removing stm32f1xx_hal_spi.o(i.SPI_RxISR_8BIT), (30 bytes).
    Removing stm32f1xx_hal_spi.o(i.SPI_TxISR_16BIT), (32 bytes).
    Removing stm32f1xx_hal_spi.o(i.SPI_TxISR_8BIT), (30 bytes).
    Removing stm32f1xx_hal_spi_ex.o(.rev16_text), (4 bytes).
    Removing stm32f1xx_hal_spi_ex.o(.revsh_text), (4 bytes).
    Removing stm32f1xx_hal_spi_ex.o(.rrx_text), (6 bytes).
    Removing heap_4.o(i.vPortInitialiseBlocks), (2 bytes).
    Removing heap_4.o(i.xPortGetFreeHeapSize), (12 bytes).
    Removing heap_4.o(i.xPortGetMinimumEverFreeHeapSize), (12 bytes).
    Removing event_groups.o(i.prvTestWaitCondition), (20 bytes).
    Removing event_groups.o(i.vEventGroupClearBitsCallback), (4 bytes).
    Removing event_groups.o(i.vEventGroupDelete), (70 bytes).
    Removing event_groups.o(i.vEventGroupSetBitsCallback), (4 bytes).
    Removing event_groups.o(i.xEventGroupClearBits), (64 bytes).
    Removing event_groups.o(i.xEventGroupCreate), (26 bytes).
    Removing event_groups.o(i.xEventGroupGetBitsFromISR), (26 bytes).
    Removing event_groups.o(i.xEventGroupSetBits), (140 bytes).
    Removing event_groups.o(i.xEventGroupSync), (204 bytes).
    Removing event_groups.o(i.xEventGroupWaitBits), (264 bytes).
    Removing port.o(i.vPortEndScheduler), (32 bytes).
    Removing port.o(i.vPortValidateInterruptPriority), (84 bytes).
    Removing queue.o(i.pcQueueGetName), (40 bytes).
    Removing queue.o(i.uxQueueMessagesWaitingFromISR), (22 bytes).
    Removing queue.o(i.uxQueueSpacesAvailable), (40 bytes).
    Removing queue.o(i.vQueueAddToRegistry), (40 bytes).
    Removing queue.o(i.vQueueDelete), (36 bytes).
    Removing queue.o(i.vQueueUnregisterQueue), (40 bytes).
    Removing queue.o(i.xQueueCreateMutex), (36 bytes).
    Removing queue.o(i.xQueueGenericSendFromISR), (188 bytes).
    Removing queue.o(i.xQueueGiveFromISR), (156 bytes).
    Removing queue.o(i.xQueueIsQueueEmptyFromISR), (30 bytes).
    Removing queue.o(i.xQueueIsQueueFullFromISR), (34 bytes).
    Removing queue.o(i.xQueuePeekFromISR), (116 bytes).
    Removing queue.o(i.xQueueReceiveFromISR), (154 bytes).
    Removing queue.o(.bss), (64 bytes).
    Removing cmsis_os.o(.rev16_text), (4 bytes).
    Removing cmsis_os.o(.revsh_text), (4 bytes).
    Removing cmsis_os.o(i.inHandlerMode), (12 bytes).
    Removing cmsis_os.o(i.makeCmsisPriority), (14 bytes).
    Removing cmsis_os.o(i.osAbortDelay), (4 bytes).
    Removing cmsis_os.o(i.osDelayUntil), (4 bytes).
    Removing cmsis_os.o(i.osKernelRunning), (18 bytes).
    Removing cmsis_os.o(i.osKernelSysTick), (24 bytes).
    Removing cmsis_os.o(i.osMailAlloc), (12 bytes).
    Removing cmsis_os.o(i.osMailCAlloc), (32 bytes).
    Removing cmsis_os.o(i.osMailCreate), (92 bytes).
    Removing cmsis_os.o(i.osMailFree), (12 bytes).
    Removing cmsis_os.o(i.osMailGet), (148 bytes).
    Removing cmsis_os.o(i.osMailPut), (92 bytes).
    Removing cmsis_os.o(i.osMessageAvailableSpace), (4 bytes).
    Removing cmsis_os.o(i.osMessageCreate), (8 bytes).
    Removing cmsis_os.o(i.osMessageDelete), (24 bytes).
    Removing cmsis_os.o(i.osMessageGet), (152 bytes).
    Removing cmsis_os.o(i.osMessagePeek), (78 bytes).
    Removing cmsis_os.o(i.osMessagePut), (92 bytes).
    Removing cmsis_os.o(i.osMessageWaiting), (30 bytes).
    Removing cmsis_os.o(i.osMutexCreate), (6 bytes).
    Removing cmsis_os.o(i.osMutexDelete), (24 bytes).
    Removing cmsis_os.o(i.osMutexRelease), (80 bytes).
    Removing cmsis_os.o(i.osMutexWait), (104 bytes).
    Removing cmsis_os.o(i.osPoolAlloc), (106 bytes).
    Removing cmsis_os.o(i.osPoolCAlloc), (16 bytes).
    Removing cmsis_os.o(i.osPoolCreate), (94 bytes).
    Removing cmsis_os.o(i.osPoolFree), (48 bytes).
    Removing cmsis_os.o(i.osRecursiveMutexCreate), (4 bytes).
    Removing cmsis_os.o(i.osRecursiveMutexRelease), (4 bytes).
    Removing cmsis_os.o(i.osRecursiveMutexWait), (4 bytes).
    Removing cmsis_os.o(i.osSemaphoreCreate), (38 bytes).
    Removing cmsis_os.o(i.osSemaphoreDelete), (24 bytes).
    Removing cmsis_os.o(i.osSemaphoreGetCount), (4 bytes).
    Removing cmsis_os.o(i.osSemaphoreRelease), (80 bytes).
    Removing cmsis_os.o(i.osSemaphoreWait), (104 bytes).
    Removing cmsis_os.o(i.osSignalSet), (92 bytes).
    Removing cmsis_os.o(i.osSignalWait), (86 bytes).
    Removing cmsis_os.o(i.osThreadGetId), (4 bytes).
    Removing cmsis_os.o(i.osThreadGetPriority), (32 bytes).
    Removing cmsis_os.o(i.osThreadList), (4 bytes).
    Removing cmsis_os.o(i.osThreadResume), (52 bytes).
    Removing cmsis_os.o(i.osThreadResumeAll), (18 bytes).
    Removing cmsis_os.o(i.osThreadSetPriority), (22 bytes).
    Removing cmsis_os.o(i.osThreadSuspend), (10 bytes).
    Removing cmsis_os.o(i.osThreadSuspendAll), (10 bytes).
    Removing cmsis_os.o(i.osThreadTerminate), (10 bytes).
    Removing cmsis_os.o(i.osThreadYield), (24 bytes).
    Removing cmsis_os.o(i.osTimerCreate), (4 bytes).
    Removing cmsis_os.o(i.osTimerDelete), (4 bytes).
    Removing cmsis_os.o(i.osTimerStart), (4 bytes).
    Removing cmsis_os.o(i.osTimerStop), (4 bytes).
    Removing tasks.o(i.pcTaskGetName), (32 bytes).
    Removing tasks.o(i.prvTaskIsTaskSuspended), (52 bytes).
    Removing tasks.o(i.ulTaskNotifyTake), (104 bytes).
    Removing tasks.o(i.uxTaskGetNumberOfTasks), (12 bytes).
    Removing tasks.o(i.uxTaskPriorityGet), (28 bytes).
    Removing tasks.o(i.uxTaskPriorityGetFromISR), (44 bytes).
    Removing tasks.o(i.uxTaskResetEventItemValue), (24 bytes).
    Removing tasks.o(i.vTaskDelete), (172 bytes).
    Removing tasks.o(i.vTaskEndScheduler), (28 bytes).
    Removing tasks.o(i.vTaskNotifyGiveFromISR), (184 bytes).
    Removing tasks.o(i.vTaskPlaceOnUnorderedEventList), (80 bytes).
    Removing tasks.o(i.vTaskPrioritySet), (196 bytes).
    Removing tasks.o(i.vTaskResume), (124 bytes).
    Removing tasks.o(i.vTaskSuspend), (176 bytes).
    Removing tasks.o(i.xTaskGenericNotify), (204 bytes).
    Removing tasks.o(i.xTaskGenericNotifyFromISR), (240 bytes).
    Removing tasks.o(i.xTaskGetCurrentTaskHandle), (12 bytes).
    Removing tasks.o(i.xTaskGetTickCount), (12 bytes).
    Removing tasks.o(i.xTaskGetTickCountFromISR), (16 bytes).
    Removing tasks.o(i.xTaskNotifyStateClear), (52 bytes).
    Removing tasks.o(i.xTaskNotifyWait), (140 bytes).
    Removing tasks.o(i.xTaskRemoveFromUnorderedEventList), (120 bytes).
    Removing tasks.o(i.xTaskResumeFromISR), (136 bytes).
    Removing dadd.o(.text), (334 bytes).
    Removing dscalb.o(.text), (46 bytes).
    Removing dfixi.o(.text), (62 bytes).
    Removing f2d.o(.text), (38 bytes).

418 unused section(s) (total 22360 bytes) removed from the image.

==============================================================================

Image Symbol Table

    Local Symbols

    Symbol Name                              Value     Ov Type        Size  Object(Section)

    ../Drivers/STM32F1xx_HAL_Driver/Src/stm32f1xx_hal.c 0x00000000   Number         0  stm32f1xx_hal.o ABSOLUTE
    ../Drivers/STM32F1xx_HAL_Driver/Src/stm32f1xx_hal_cortex.c 0x00000000   Number         0  stm32f1xx_hal_cortex.o ABSOLUTE
    ../Drivers/STM32F1xx_HAL_Driver/Src/stm32f1xx_hal_dma.c 0x00000000   Number         0  stm32f1xx_hal_dma.o ABSOLUTE
    ../Drivers/STM32F1xx_HAL_Driver/Src/stm32f1xx_hal_flash.c 0x00000000   Number         0  stm32f1xx_hal_flash.o ABSOLUTE
    ../Drivers/STM32F1xx_HAL_Driver/Src/stm32f1xx_hal_flash_ex.c 0x00000000   Number         0  stm32f1xx_hal_flash_ex.o ABSOLUTE
    ../Drivers/STM32F1xx_HAL_Driver/Src/stm32f1xx_hal_gpio.c 0x00000000   Number         0  stm32f1xx_hal_gpio.o ABSOLUTE
    ../Drivers/STM32F1xx_HAL_Driver/Src/stm32f1xx_hal_gpio_ex.c 0x00000000   Number         0  stm32f1xx_hal_gpio_ex.o ABSOLUTE
    ../Drivers/STM32F1xx_HAL_Driver/Src/stm32f1xx_hal_pwr.c 0x00000000   Number         0  stm32f1xx_hal_pwr.o ABSOLUTE
    ../Drivers/STM32F1xx_HAL_Driver/Src/stm32f1xx_hal_rcc.c 0x00000000   Number         0  stm32f1xx_hal_rcc.o ABSOLUTE
    ../Drivers/STM32F1xx_HAL_Driver/Src/stm32f1xx_hal_rcc_ex.c 0x00000000   Number         0  stm32f1xx_hal_rcc_ex.o ABSOLUTE
    ../Drivers/STM32F1xx_HAL_Driver/Src/stm32f1xx_hal_spi.c 0x00000000   Number         0  stm32f1xx_hal_spi.o ABSOLUTE
    ../Drivers/STM32F1xx_HAL_Driver/Src/stm32f1xx_hal_spi_ex.c 0x00000000   Number         0  stm32f1xx_hal_spi_ex.o ABSOLUTE
    ../Drivers/STM32F1xx_HAL_Driver/Src/stm32f1xx_hal_tim.c 0x00000000   Number         0  stm32f1xx_hal_tim.o ABSOLUTE
    ../Drivers/STM32F1xx_HAL_Driver/Src/stm32f1xx_hal_tim_ex.c 0x00000000   Number         0  stm32f1xx_hal_tim_ex.o ABSOLUTE
    ../Drivers/STM32F1xx_HAL_Driver/Src/stm32f1xx_hal_uart.c 0x00000000   Number         0  stm32f1xx_hal_uart.o ABSOLUTE
    ../Middlewares/Third_Party/FreeRTOS/Source/CMSIS_RTOS/cmsis_os.c 0x00000000   Number         0  cmsis_os.o ABSOLUTE
    ../Middlewares/Third_Party/FreeRTOS/Source/croutine.c 0x00000000   Number         0  croutine.o ABSOLUTE
    ../Middlewares/Third_Party/FreeRTOS/Source/event_groups.c 0x00000000   Number         0  event_groups.o ABSOLUTE
    ../Middlewares/Third_Party/FreeRTOS/Source/list.c 0x00000000   Number         0  list.o ABSOLUTE
    ../Middlewares/Third_Party/FreeRTOS/Source/portable/MemMang/heap_4.c 0x00000000   Number         0  heap_4.o ABSOLUTE
    ../Middlewares/Third_Party/FreeRTOS/Source/portable/RVDS/ARM_CM3/port.c 0x00000000   Number         0  port.o ABSOLUTE
    ../Middlewares/Third_Party/FreeRTOS/Source/queue.c 0x00000000   Number         0  queue.o ABSOLUTE
    ../Middlewares/Third_Party/FreeRTOS/Source/tasks.c 0x00000000   Number         0  tasks.o ABSOLUTE
    ../Middlewares/Third_Party/FreeRTOS/Source/timers.c 0x00000000   Number         0  timers.o ABSOLUTE
    ../Src/freertos.c                        0x00000000   Number         0  freertos.o ABSOLUTE
    ../Src/gpio.c                            0x00000000   Number         0  gpio.o ABSOLUTE
    ../Src/main.c                            0x00000000   Number         0  main.o ABSOLUTE
    ../Src/spi.c                             0x00000000   Number         0  spi.o ABSOLUTE
    ../Src/stm32f1xx_hal_msp.c               0x00000000   Number         0  stm32f1xx_hal_msp.o ABSOLUTE
    ../Src/stm32f1xx_it.c                    0x00000000   Number         0  stm32f1xx_it.o ABSOLUTE
    ../Src/system_stm32f1xx.c                0x00000000   Number         0  system_stm32f1xx.o ABSOLUTE
    ../Src/usart.c                           0x00000000   Number         0  usart.o ABSOLUTE
    ../clib/microlib/init/entry.s            0x00000000   Number         0  entry8a.o ABSOLUTE
    ../clib/microlib/init/entry.s            0x00000000   Number         0  entry9a.o ABSOLUTE
    ../clib/microlib/init/entry.s            0x00000000   Number         0  entry8b.o ABSOLUTE
    ../clib/microlib/init/entry.s            0x00000000   Number         0  entry7b.o ABSOLUTE
    ../clib/microlib/init/entry.s            0x00000000   Number         0  entry7a.o ABSOLUTE
    ../clib/microlib/init/entry.s            0x00000000   Number         0  entry5.o ABSOLUTE
    ../clib/microlib/init/entry.s            0x00000000   Number         0  entry2.o ABSOLUTE
    ../clib/microlib/init/entry.s            0x00000000   Number         0  entry11a.o ABSOLUTE
    ../clib/microlib/init/entry.s            0x00000000   Number         0  entry10b.o ABSOLUTE
    ../clib/microlib/init/entry.s            0x00000000   Number         0  entry10a.o ABSOLUTE
    ../clib/microlib/init/entry.s            0x00000000   Number         0  entry11b.o ABSOLUTE
    ../clib/microlib/init/entry.s            0x00000000   Number         0  entry.o ABSOLUTE
    ../clib/microlib/init/entry.s            0x00000000   Number         0  entry9b.o ABSOLUTE
    ../clib/microlib/longlong.c              0x00000000   Number         0  llsshr.o ABSOLUTE
    ../clib/microlib/longlong.c              0x00000000   Number         0  llshl.o ABSOLUTE
    ../clib/microlib/longlong.c              0x00000000   Number         0  llushr.o ABSOLUTE
    ../clib/microlib/string/memcpy.c         0x00000000   Number         0  memcpya.o ABSOLUTE
    ../clib/microlib/string/memcpy.c         0x00000000   Number         0  memcpyb.o ABSOLUTE
    ../clib/microlib/stubs.s                 0x00000000   Number         0  iusefp.o ABSOLUTE
    ../fplib/microlib/f2d.c                  0x00000000   Number         0  f2d.o ABSOLUTE
    ../fplib/microlib/fpadd.c                0x00000000   Number         0  dadd.o ABSOLUTE
    ../fplib/microlib/fpdiv.c                0x00000000   Number         0  ddiv.o ABSOLUTE
    ../fplib/microlib/fpepilogue.c           0x00000000   Number         0  depilogue.o ABSOLUTE
    ../fplib/microlib/fpfix.c                0x00000000   Number         0  dfixui.o ABSOLUTE
    ../fplib/microlib/fpfix.c                0x00000000   Number         0  dfixi.o ABSOLUTE
    ../fplib/microlib/fpflt.c                0x00000000   Number         0  dfltui.o ABSOLUTE
    ../fplib/microlib/fpscalb.c              0x00000000   Number         0  dscalb.o ABSOLUTE
    ..\Drivers\STM32F1xx_HAL_Driver\Src\stm32f1xx_hal.c 0x00000000   Number         0  stm32f1xx_hal.o ABSOLUTE
    ..\Drivers\STM32F1xx_HAL_Driver\Src\stm32f1xx_hal_cortex.c 0x00000000   Number         0  stm32f1xx_hal_cortex.o ABSOLUTE
    ..\Drivers\STM32F1xx_HAL_Driver\Src\stm32f1xx_hal_dma.c 0x00000000   Number         0  stm32f1xx_hal_dma.o ABSOLUTE
    ..\Drivers\STM32F1xx_HAL_Driver\Src\stm32f1xx_hal_flash.c 0x00000000   Number         0  stm32f1xx_hal_flash.o ABSOLUTE
    ..\Drivers\STM32F1xx_HAL_Driver\Src\stm32f1xx_hal_flash_ex.c 0x00000000   Number         0  stm32f1xx_hal_flash_ex.o ABSOLUTE
    ..\Drivers\STM32F1xx_HAL_Driver\Src\stm32f1xx_hal_gpio.c 0x00000000   Number         0  stm32f1xx_hal_gpio.o ABSOLUTE
    ..\Drivers\STM32F1xx_HAL_Driver\Src\stm32f1xx_hal_gpio_ex.c 0x00000000   Number         0  stm32f1xx_hal_gpio_ex.o ABSOLUTE
    ..\Drivers\STM32F1xx_HAL_Driver\Src\stm32f1xx_hal_pwr.c 0x00000000   Number         0  stm32f1xx_hal_pwr.o ABSOLUTE
    ..\Drivers\STM32F1xx_HAL_Driver\Src\stm32f1xx_hal_rcc.c 0x00000000   Number         0  stm32f1xx_hal_rcc.o ABSOLUTE
    ..\Drivers\STM32F1xx_HAL_Driver\Src\stm32f1xx_hal_rcc_ex.c 0x00000000   Number         0  stm32f1xx_hal_rcc_ex.o ABSOLUTE
    ..\Drivers\STM32F1xx_HAL_Driver\Src\stm32f1xx_hal_spi.c 0x00000000   Number         0  stm32f1xx_hal_spi.o ABSOLUTE
    ..\Drivers\STM32F1xx_HAL_Driver\Src\stm32f1xx_hal_spi_ex.c 0x00000000   Number         0  stm32f1xx_hal_spi_ex.o ABSOLUTE
    ..\Drivers\STM32F1xx_HAL_Driver\Src\stm32f1xx_hal_tim.c 0x00000000   Number         0  stm32f1xx_hal_tim.o ABSOLUTE
    ..\Drivers\STM32F1xx_HAL_Driver\Src\stm32f1xx_hal_tim_ex.c 0x00000000   Number         0  stm32f1xx_hal_tim_ex.o ABSOLUTE
    ..\Drivers\STM32F1xx_HAL_Driver\Src\stm32f1xx_hal_uart.c 0x00000000   Number         0  stm32f1xx_hal_uart.o ABSOLUTE
    ..\Middlewares\Third_Party\FreeRTOS\Source\CMSIS_RTOS\cmsis_os.c 0x00000000   Number         0  cmsis_os.o ABSOLUTE
    ..\Middlewares\Third_Party\FreeRTOS\Source\portable\RVDS\ARM_CM3\port.c 0x00000000   Number         0  port.o ABSOLUTE
    ..\Src\CANSPI.c                          0x00000000   Number         0  canspi.o ABSOLUTE
    ..\Src\MCP2515.c                         0x00000000   Number         0  mcp2515.o ABSOLUTE
    ..\Src\can.c                             0x00000000   Number         0  can.o ABSOLUTE
    ..\Src\freertos.c                        0x00000000   Number         0  freertos.o ABSOLUTE
    ..\Src\gpio.c                            0x00000000   Number         0  gpio.o ABSOLUTE
    ..\Src\main.c                            0x00000000   Number         0  main.o ABSOLUTE
    ..\Src\spi.c                             0x00000000   Number         0  spi.o ABSOLUTE
    ..\Src\stm32f1xx_hal_msp.c               0x00000000   Number         0  stm32f1xx_hal_msp.o ABSOLUTE
    ..\Src\stm32f1xx_it.c                    0x00000000   Number         0  stm32f1xx_it.o ABSOLUTE
    ..\Src\system_stm32f1xx.c                0x00000000   Number         0  system_stm32f1xx.o ABSOLUTE
    ..\Src\usart.c                           0x00000000   Number         0  usart.o ABSOLUTE
    ..\\Src\\CANSPI.c                        0x00000000   Number         0  canspi.o ABSOLUTE
    ..\\Src\\MCP2515.c                       0x00000000   Number         0  mcp2515.o ABSOLUTE
    ..\\Src\\can.c                           0x00000000   Number         0  can.o ABSOLUTE
    dc.s                                     0x00000000   Number         0  dc.o ABSOLUTE
    handlers.s                               0x00000000   Number         0  handlers.o ABSOLUTE
    init.s                                   0x00000000   Number         0  init.o ABSOLUTE
    startup_stm32f103xe.s                    0x00000000   Number         0  startup_stm32f103xe.o ABSOLUTE
    RESET                                    0x08000000   Section      304  startup_stm32f103xe.o(RESET)
    .ARM.Collect$$$$00000000                 0x08000130   Section        0  entry.o(.ARM.Collect$$$$00000000)
    .ARM.Collect$$$$00000001                 0x08000130   Section        4  entry2.o(.ARM.Collect$$$$00000001)
    .ARM.Collect$$$$00000004                 0x08000134   Section        4  entry5.o(.ARM.Collect$$$$00000004)
    .ARM.Collect$$$$00000008                 0x08000138   Section        0  entry7b.o(.ARM.Collect$$$$00000008)
    .ARM.Collect$$$$0000000A                 0x08000138   Section        0  entry8b.o(.ARM.Collect$$$$0000000A)
    .ARM.Collect$$$$0000000B                 0x08000138   Section        8  entry9a.o(.ARM.Collect$$$$0000000B)
    .ARM.Collect$$$$0000000D                 0x08000140   Section        0  entry10a.o(.ARM.Collect$$$$0000000D)
    .ARM.Collect$$$$0000000F                 0x08000140   Section        0  entry11a.o(.ARM.Collect$$$$0000000F)
    .ARM.Collect$$$$00002712                 0x08000140   Section        4  entry2.o(.ARM.Collect$$$$00002712)
    __lit__00000000                          0x08000140   Data           4  entry2.o(.ARM.Collect$$$$00002712)
    .emb_text                                0x08000144   Section      150  port.o(.emb_text)
    .text                                    0x080001dc   Section       36  startup_stm32f103xe.o(.text)
    .text                                    0x08000200   Section        0  llushr.o(.text)
    .text                                    0x08000220   Section        0  memcpya.o(.text)
    .text                                    0x08000244   Section        0  ddiv.o(.text)
    .text                                    0x08000322   Section        0  dfltui.o(.text)
    .text                                    0x0800033c   Section        0  dfixui.o(.text)
    .text                                    0x0800036e   Section        0  llshl.o(.text)
    .text                                    0x0800038c   Section        0  iusefp.o(.text)
    .text                                    0x0800038c   Section        0  depilogue.o(.text)
    .text                                    0x08000448   Section       36  init.o(.text)
    i.BusFault_Handler                       0x0800046c   Section        0  stm32f1xx_it.o(i.BusFault_Handler)
    i.CANSPI_Initialize                      0x0800046e   Section        0  canspi.o(i.CANSPI_Initialize)
    i.DebugMon_Handler                       0x08000538   Section        0  stm32f1xx_it.o(i.DebugMon_Handler)
    i.HAL_GPIO_Init                          0x0800053c   Section        0  stm32f1xx_hal_gpio.o(i.HAL_GPIO_Init)
    i.HAL_GPIO_WritePin                      0x08000724   Section        0  stm32f1xx_hal_gpio.o(i.HAL_GPIO_WritePin)
    i.HAL_GetTick                            0x08000730   Section        0  stm32f1xx_hal.o(i.HAL_GetTick)
    i.HAL_IncTick                            0x0800073c   Section        0  stm32f1xx_hal.o(i.HAL_IncTick)
    i.HAL_Init                               0x0800074c   Section        0  stm32f1xx_hal.o(i.HAL_Init)
    i.HAL_InitTick                           0x08000770   Section        0  stm32f1xx_hal.o(i.HAL_InitTick)
    i.HAL_MspInit                            0x080007b0   Section        0  stm32f1xx_hal_msp.o(i.HAL_MspInit)
    i.HAL_NVIC_SetPriority                   0x08000830   Section        0  stm32f1xx_hal_cortex.o(i.HAL_NVIC_SetPriority)
    i.HAL_NVIC_SetPriorityGrouping           0x08000870   Section        0  stm32f1xx_hal_cortex.o(i.HAL_NVIC_SetPriorityGrouping)
    i.HAL_RCC_ClockConfig                    0x08000894   Section        0  stm32f1xx_hal_rcc.o(i.HAL_RCC_ClockConfig)
    i.HAL_RCC_GetHCLKFreq                    0x080009e8   Section        0  stm32f1xx_hal_rcc.o(i.HAL_RCC_GetHCLKFreq)
    i.HAL_RCC_GetPCLK1Freq                   0x080009f4   Section        0  stm32f1xx_hal_rcc.o(i.HAL_RCC_GetPCLK1Freq)
    i.HAL_RCC_GetPCLK2Freq                   0x08000a14   Section        0  stm32f1xx_hal_rcc.o(i.HAL_RCC_GetPCLK2Freq)
    i.HAL_RCC_GetSysClockFreq                0x08000a34   Section        0  stm32f1xx_hal_rcc.o(i.HAL_RCC_GetSysClockFreq)
    i.HAL_RCC_OscConfig                      0x08000aa0   Section        0  stm32f1xx_hal_rcc.o(i.HAL_RCC_OscConfig)
    i.HAL_SPI_GetState                       0x08000da4   Section        0  stm32f1xx_hal_spi.o(i.HAL_SPI_GetState)
    i.HAL_SPI_Init                           0x08000daa   Section        0  stm32f1xx_hal_spi_ex.o(i.HAL_SPI_Init)
    i.HAL_SPI_MspInit                        0x08000e2c   Section        0  spi.o(i.HAL_SPI_MspInit)
    i.HAL_SPI_Receive                        0x08000ebc   Section        0  stm32f1xx_hal_spi.o(i.HAL_SPI_Receive)
    i.HAL_SPI_Transmit                       0x0800100c   Section        0  stm32f1xx_hal_spi.o(i.HAL_SPI_Transmit)
    i.HAL_SPI_TransmitReceive                0x08001174   Section        0  stm32f1xx_hal_spi.o(i.HAL_SPI_TransmitReceive)
    i.HAL_SYSTICK_CLKSourceConfig            0x0800134c   Section        0  stm32f1xx_hal_cortex.o(i.HAL_SYSTICK_CLKSourceConfig)
    i.HAL_SYSTICK_Config                     0x08001364   Section        0  stm32f1xx_hal_cortex.o(i.HAL_SYSTICK_Config)
    i.HAL_UART_Init                          0x0800138c   Section        0  stm32f1xx_hal_uart.o(i.HAL_UART_Init)
    i.HAL_UART_MspInit                       0x080013f0   Section        0  usart.o(i.HAL_UART_MspInit)
    i.HAL_UART_Receive                       0x08001448   Section        0  stm32f1xx_hal_uart.o(i.HAL_UART_Receive)
    i.HAL_UART_Transmit                      0x08001500   Section        0  stm32f1xx_hal_uart.o(i.HAL_UART_Transmit)
    i.HardFault_Handler                      0x080015ba   Section        0  stm32f1xx_it.o(i.HardFault_Handler)
    i.MCP2515_Initialize                     0x080015bc   Section        0  mcp2515.o(i.MCP2515_Initialize)
    i.MCP2515_ReadByte                       0x080015e8   Section        0  mcp2515.o(i.MCP2515_ReadByte)
    i.MCP2515_SetConfigMode                  0x08001620   Section        0  mcp2515.o(i.MCP2515_SetConfigMode)
    i.MCP2515_SetNormalMode                  0x0800164a   Section        0  mcp2515.o(i.MCP2515_SetNormalMode)
    i.MCP2515_WriteByte                      0x08001670   Section        0  mcp2515.o(i.MCP2515_WriteByte)
    i.MCP2515_WriteByteSequence              0x080016ac   Section        0  mcp2515.o(i.MCP2515_WriteByteSequence)
    i.MX_FREERTOS_Init                       0x080016f0   Section        0  freertos.o(i.MX_FREERTOS_Init)
    i.MX_GPIO_Init                           0x080017f0   Section        0  gpio.o(i.MX_GPIO_Init)
    i.MX_SPI1_Init                           0x0800189c   Section        0  spi.o(i.MX_SPI1_Init)
    i.MX_SPI2_Init                           0x080018f4   Section        0  spi.o(i.MX_SPI2_Init)
    i.MX_USART1_UART_Init                    0x0800194c   Section        0  usart.o(i.MX_USART1_UART_Init)
    i.MemManage_Handler                      0x08001998   Section        0  stm32f1xx_it.o(i.MemManage_Handler)
    i.NMI_Handler                            0x0800199a   Section        0  stm32f1xx_it.o(i.NMI_Handler)
    i.NVIC_SetPriority                       0x0800199c   Section        0  stm32f1xx_hal_cortex.o(i.NVIC_SetPriority)
    NVIC_SetPriority                         0x0800199d   Thumb Code    32  stm32f1xx_hal_cortex.o(i.NVIC_SetPriority)
    i.SPI_CheckFlag_BSY                      0x080019bc   Section        0  stm32f1xx_hal_spi.o(i.SPI_CheckFlag_BSY)
    SPI_CheckFlag_BSY                        0x080019bd   Thumb Code    32  stm32f1xx_hal_spi.o(i.SPI_CheckFlag_BSY)
    i.SPI_Rx                                 0x080019dc   Section        0  mcp2515.o(i.SPI_Rx)
    SPI_Rx                                   0x080019dd   Thumb Code    20  mcp2515.o(i.SPI_Rx)
    i.SPI_Tx                                 0x080019f4   Section        0  mcp2515.o(i.SPI_Tx)
    SPI_Tx                                   0x080019f5   Thumb Code    16  mcp2515.o(i.SPI_Tx)
    i.SPI_TxBuffer                           0x08001a08   Section        0  mcp2515.o(i.SPI_TxBuffer)
    SPI_TxBuffer                             0x08001a09   Thumb Code    12  mcp2515.o(i.SPI_TxBuffer)
    i.SPI_WaitFlagStateUntilTimeout          0x08001a18   Section        0  stm32f1xx_hal_spi.o(i.SPI_WaitFlagStateUntilTimeout)
    SPI_WaitFlagStateUntilTimeout            0x08001a19   Thumb Code   150  stm32f1xx_hal_spi.o(i.SPI_WaitFlagStateUntilTimeout)
    i.StartDefaultTask                       0x08001aae   Section        0  freertos.o(i.StartDefaultTask)
    i.SysTick_Handler                        0x08001ab6   Section        0  stm32f1xx_it.o(i.SysTick_Handler)
    i.SystemClock_Config                     0x08001ac4   Section        0  main.o(i.SystemClock_Config)
    i.SystemInit                             0x08001b20   Section        0  system_stm32f1xx.o(i.SystemInit)
    i.UART_SetConfig                         0x08001b68   Section        0  stm32f1xx_hal_uart.o(i.UART_SetConfig)
    UART_SetConfig                           0x08001b69   Thumb Code   364  stm32f1xx_hal_uart.o(i.UART_SetConfig)
    i.UART_WaitOnFlagUntilTimeout            0x08001cd8   Section        0  stm32f1xx_hal_uart.o(i.UART_WaitOnFlagUntilTimeout)
    UART_WaitOnFlagUntilTimeout              0x08001cd9   Thumb Code   100  stm32f1xx_hal_uart.o(i.UART_WaitOnFlagUntilTimeout)
    i.UsageFault_Handler                     0x08001d3c   Section        0  stm32f1xx_it.o(i.UsageFault_Handler)
    i._Error_Handler                         0x08001d3e   Section        0  main.o(i._Error_Handler)
    i.__scatterload_copy                     0x08001d40   Section       14  handlers.o(i.__scatterload_copy)
    i.__scatterload_null                     0x08001d4e   Section        2  handlers.o(i.__scatterload_null)
    i.__scatterload_zeroinit                 0x08001d50   Section       14  handlers.o(i.__scatterload_zeroinit)
    i.main                                   0x08001d60   Section        0  main.o(i.main)
    i.makeFreeRtosPriority                   0x08001d98   Section        0  cmsis_os.o(i.makeFreeRtosPriority)
    makeFreeRtosPriority                     0x08001d99   Thumb Code    12  cmsis_os.o(i.makeFreeRtosPriority)
    i.osDelay                                0x08001da4   Section        0  cmsis_os.o(i.osDelay)
    i.osKernelStart                          0x08001db2   Section        0  cmsis_os.o(i.osKernelStart)
    i.osSystickHandler                       0x08001dbc   Section        0  cmsis_os.o(i.osSystickHandler)
    i.osThreadCreate                         0x08001dd0   Section        0  cmsis_os.o(i.osThreadCreate)
    i.prvAddCurrentTaskToDelayedList         0x08001e00   Section        0  tasks.o(i.prvAddCurrentTaskToDelayedList)
    prvAddCurrentTaskToDelayedList           0x08001e01   Thumb Code   102  tasks.o(i.prvAddCurrentTaskToDelayedList)
    i.prvAddNewTaskToReadyList               0x08001e70   Section        0  tasks.o(i.prvAddNewTaskToReadyList)
    prvAddNewTaskToReadyList                 0x08001e71   Thumb Code   194  tasks.o(i.prvAddNewTaskToReadyList)
    i.prvCheckTasksWaitingTermination        0x08001f40   Section        0  tasks.o(i.prvCheckTasksWaitingTermination)
    prvCheckTasksWaitingTermination          0x08001f41   Thumb Code    70  tasks.o(i.prvCheckTasksWaitingTermination)
    i.prvCopyDataFromQueue                   0x08001f90   Section        0  queue.o(i.prvCopyDataFromQueue)
    prvCopyDataFromQueue                     0x08001f91   Thumb Code    38  queue.o(i.prvCopyDataFromQueue)
    i.prvCopyDataToQueue                     0x08001fb6   Section        0  queue.o(i.prvCopyDataToQueue)
    prvCopyDataToQueue                       0x08001fb7   Thumb Code   108  queue.o(i.prvCopyDataToQueue)
    i.prvDeleteTCB                           0x08002022   Section        0  tasks.o(i.prvDeleteTCB)
    prvDeleteTCB                             0x08002023   Thumb Code    20  tasks.o(i.prvDeleteTCB)
    i.prvHeapInit                            0x08002038   Section        0  heap_4.o(i.prvHeapInit)
    prvHeapInit                              0x08002039   Thumb Code    66  heap_4.o(i.prvHeapInit)
    i.prvIdleTask                            0x08002084   Section        0  tasks.o(i.prvIdleTask)
    prvIdleTask                              0x08002085   Thumb Code    30  tasks.o(i.prvIdleTask)
    i.prvInitialiseNewTask                   0x080020ac   Section        0  tasks.o(i.prvInitialiseNewTask)
    prvInitialiseNewTask                     0x080020ad   Thumb Code   142  tasks.o(i.prvInitialiseNewTask)
    i.prvInsertBlockIntoFreeList             0x0800213c   Section        0  heap_4.o(i.prvInsertBlockIntoFreeList)
    prvInsertBlockIntoFreeList               0x0800213d   Thumb Code    72  heap_4.o(i.prvInsertBlockIntoFreeList)
    i.prvIsQueueEmpty                        0x08002188   Section        0  queue.o(i.prvIsQueueEmpty)
    prvIsQueueEmpty                          0x08002189   Thumb Code    28  queue.o(i.prvIsQueueEmpty)
    i.prvResetNextTaskUnblockTime            0x080021a4   Section        0  tasks.o(i.prvResetNextTaskUnblockTime)
    prvResetNextTaskUnblockTime              0x080021a5   Thumb Code    26  tasks.o(i.prvResetNextTaskUnblockTime)
    i.prvTaskExitError                       0x080021c4   Section        0  port.o(i.prvTaskExitError)
    prvTaskExitError                         0x080021c5   Thumb Code    36  port.o(i.prvTaskExitError)
    i.prvUnlockQueue                         0x080021ec   Section        0  queue.o(i.prvUnlockQueue)
    prvUnlockQueue                           0x080021ed   Thumb Code   106  queue.o(i.prvUnlockQueue)
    i.pvPortMalloc                           0x08002258   Section        0  heap_4.o(i.pvPortMalloc)
    i.pvTaskIncrementMutexHeldCount          0x08002330   Section        0  tasks.o(i.pvTaskIncrementMutexHeldCount)
    i.pxPortInitialiseStack                  0x08002348   Section        0  port.o(i.pxPortInitialiseStack)
    i.uxListRemove                           0x0800236c   Section        0  list.o(i.uxListRemove)
    i.uxQueueMessagesWaiting                 0x08002390   Section        0  queue.o(i.uxQueueMessagesWaiting)
    i.vListInitialise                        0x080023b4   Section        0  list.o(i.vListInitialise)
    i.vListInitialiseItem                    0x080023ca   Section        0  list.o(i.vListInitialiseItem)
    i.vListInsert                            0x080023d0   Section        0  list.o(i.vListInsert)
    i.vListInsertEnd                         0x08002400   Section        0  list.o(i.vListInsertEnd)
    i.vPortEnterCritical                     0x08002418   Section        0  port.o(i.vPortEnterCritical)
    i.vPortExitCritical                      0x08002458   Section        0  port.o(i.vPortExitCritical)
    i.vPortFree                              0x08002480   Section        0  heap_4.o(i.vPortFree)
    i.vPortSetupTimerInterrupt               0x080024dc   Section        0  port.o(i.vPortSetupTimerInterrupt)
    i.vTaskAddMessageCAN_EEC2                0x080024fc   Section        0  can.o(i.vTaskAddMessageCAN_EEC2)
    i.vTaskDelay                             0x08002598   Section        0  tasks.o(i.vTaskDelay)
    i.vTaskMissedYield                       0x080025e4   Section        0  tasks.o(i.vTaskMissedYield)
    i.vTaskPlaceOnEventList                  0x080025f0   Section        0  tasks.o(i.vTaskPlaceOnEventList)
    i.vTaskPriorityInherit                   0x08002620   Section        0  tasks.o(i.vTaskPriorityInherit)
    i.vTaskRecieveMessageSPI1                0x080026a4   Section        0  freertos.o(i.vTaskRecieveMessageSPI1)
    i.vTaskRecieveMessageUsart               0x080026a8   Section        0  freertos.o(i.vTaskRecieveMessageUsart)
    i.vTaskSendMessageUSART                  0x080026e8   Section        0  freertos.o(i.vTaskSendMessageUSART)
    i.vTaskSetTimeOutState                   0x08002730   Section        0  tasks.o(i.vTaskSetTimeOutState)
    i.vTaskStartScheduler                    0x08002754   Section        0  tasks.o(i.vTaskStartScheduler)
    i.vTaskSuspendAll                        0x080027bc   Section        0  tasks.o(i.vTaskSuspendAll)
    i.vTaskSwitchContext                     0x080027cc   Section        0  tasks.o(i.vTaskSwitchContext)
    i.xPortStartScheduler                    0x08002828   Section        0  port.o(i.xPortStartScheduler)
    i.xPortSysTickHandler                    0x0800289c   Section        0  port.o(i.xPortSysTickHandler)
    i.xQueueGenericCreate                    0x080028c8   Section        0  queue.o(i.xQueueGenericCreate)
    i.xQueueGenericReceive                   0x08002910   Section        0  queue.o(i.xQueueGenericReceive)
    i.xQueueGenericReset                     0x08002a7c   Section        0  queue.o(i.xQueueGenericReset)
    i.xQueueGenericSend                      0x08002b04   Section        0  queue.o(i.xQueueGenericSend)
    i.xTaskCheckForTimeOut                   0x08002c64   Section        0  tasks.o(i.xTaskCheckForTimeOut)
    i.xTaskCreate                            0x08002cd0   Section        0  tasks.o(i.xTaskCreate)
    i.xTaskGetSchedulerState                 0x08002d28   Section        0  tasks.o(i.xTaskGetSchedulerState)
    i.xTaskIncrementTick                     0x08002d44   Section        0  tasks.o(i.xTaskIncrementTick)
    i.xTaskPriorityDisinherit                0x08002e0c   Section        0  tasks.o(i.xTaskPriorityDisinherit)
    i.xTaskRemoveFromEventList               0x08002ea4   Section        0  tasks.o(i.xTaskRemoveFromEventList)
    i.xTaskResumeAll                         0x08002f18   Section        0  tasks.o(i.xTaskResumeAll)
    .constdata                               0x08002fdc   Section       16  system_stm32f1xx.o(.constdata)
    .constdata                               0x08002fec   Section        8  system_stm32f1xx.o(.constdata)
    .constdata                               0x08002ff4   Section       20  freertos.o(.constdata)
    .conststring                             0x08003008   Section       12  freertos.o(.conststring)
    .data                                    0x20000000   Section        4  system_stm32f1xx.o(.data)
    .data                                    0x20000004   Section       16  freertos.o(.data)
    .data                                    0x20000014   Section        1  freertos.o(.data)
    .data                                    0x20000018   Section       12  stm32f1xx_hal.o(.data)
    .data                                    0x20000024   Section       24  heap_4.o(.data)
    pxEnd                                    0x20000024   Data           4  heap_4.o(.data)
    xFreeBytesRemaining                      0x20000028   Data           4  heap_4.o(.data)
    xMinimumEverFreeBytesRemaining           0x2000002c   Data           4  heap_4.o(.data)
    xBlockAllocatedBit                       0x20000030   Data           4  heap_4.o(.data)
    xStart                                   0x20000034   Data           8  heap_4.o(.data)
    .data                                    0x2000003c   Section       12  port.o(.data)
    ucMaxSysCallPriority                     0x2000003c   Data           1  port.o(.data)
    uxCriticalNesting                        0x20000040   Data           4  port.o(.data)
    ulMaxPRIGROUPValue                       0x20000044   Data           4  port.o(.data)
    .data                                    0x20000048   Section       60  tasks.o(.data)
    uxDeletedTasksWaitingCleanUp             0x2000004c   Data           4  tasks.o(.data)
    uxCurrentNumberOfTasks                   0x20000050   Data           4  tasks.o(.data)
    xTickCount                               0x20000054   Data           4  tasks.o(.data)
    uxTopReadyPriority                       0x20000058   Data           4  tasks.o(.data)
    xSchedulerRunning                        0x2000005c   Data           4  tasks.o(.data)
    uxPendedTicks                            0x20000060   Data           4  tasks.o(.data)
    xYieldPending                            0x20000064   Data           4  tasks.o(.data)
    xNumOfOverflows                          0x20000068   Data           4  tasks.o(.data)
    uxTaskNumber                             0x2000006c   Data           4  tasks.o(.data)
    xNextTaskUnblockTime                     0x20000070   Data           4  tasks.o(.data)
    xIdleTaskHandle                          0x20000074   Data           4  tasks.o(.data)
    uxSchedulerSuspended                     0x20000078   Data           4  tasks.o(.data)
    pxDelayedTaskList                        0x2000007c   Data           4  tasks.o(.data)
    pxOverflowDelayedTaskList                0x20000080   Data           4  tasks.o(.data)
    .bss                                     0x20000084   Section       64  usart.o(.bss)
    .bss                                     0x200000c4   Section      176  spi.o(.bss)
    .bss                                     0x20000174   Section     3072  heap_4.o(.bss)
    ucHeap                                   0x20000174   Data        3072  heap_4.o(.bss)
    .bss                                     0x20000d74   Section      240  tasks.o(.bss)
    pxReadyTasksLists                        0x20000d74   Data         140  tasks.o(.bss)
    xDelayedTaskList1                        0x20000e00   Data          20  tasks.o(.bss)
    xDelayedTaskList2                        0x20000e14   Data          20  tasks.o(.bss)
    xPendingReadyList                        0x20000e28   Data          20  tasks.o(.bss)
    xTasksWaitingTermination                 0x20000e3c   Data          20  tasks.o(.bss)
    xSuspendedTaskList                       0x20000e50   Data          20  tasks.o(.bss)
    STACK                                    0x20000e68   Section     1024  startup_stm32f103xe.o(STACK)

    Global Symbols

    Symbol Name                              Value     Ov Type        Size  Object(Section)

    BuildAttributes$$THM_ISAv4$P$D$K$B$S$PE$A:L22UL41UL21$X:L11$S22US41US21$IEEE1$IW$USESV6$~STKCKD$USESV7$~SHL$OSPACE$ROPI$EBA8$MICROLIB$REQ8$PRES8$EABIv2 0x00000000   Number         0  anon$$obj.o ABSOLUTE
    __ARM_use_no_argv                        0x00000000   Number         0  main.o ABSOLUTE
    __cpp_initialize__aeabi_                  - Undefined Weak Reference
    __cxa_finalize                            - Undefined Weak Reference
    __decompress                              - Undefined Weak Reference
    _clock_init                               - Undefined Weak Reference
    _microlib_exit                            - Undefined Weak Reference
    __Vectors_Size                           0x00000130   Number         0  startup_stm32f103xe.o ABSOLUTE
    __Vectors                                0x08000000   Data           4  startup_stm32f103xe.o(RESET)
    __Vectors_End                            0x08000130   Data           0  startup_stm32f103xe.o(RESET)
    __main                                   0x08000131   Thumb Code     0  entry.o(.ARM.Collect$$$$00000000)
    _main_stk                                0x08000131   Thumb Code     0  entry2.o(.ARM.Collect$$$$00000001)
    _main_scatterload                        0x08000135   Thumb Code     0  entry5.o(.ARM.Collect$$$$00000004)
    __main_after_scatterload                 0x08000139   Thumb Code     0  entry5.o(.ARM.Collect$$$$00000004)
    _main_clock                              0x08000139   Thumb Code     0  entry7b.o(.ARM.Collect$$$$00000008)
    _main_cpp_init                           0x08000139   Thumb Code     0  entry8b.o(.ARM.Collect$$$$0000000A)
    _main_init                               0x08000139   Thumb Code     0  entry9a.o(.ARM.Collect$$$$0000000B)
    __rt_final_cpp                           0x08000141   Thumb Code     0  entry10a.o(.ARM.Collect$$$$0000000D)
    __rt_final_exit                          0x08000141   Thumb Code     0  entry11a.o(.ARM.Collect$$$$0000000F)
    SVC_Handler                              0x08000145   Thumb Code    32  port.o(.emb_text)
    __asm___6_port_c_39a90d8d__prvStartFirstTask 0x08000169   Thumb Code    28  port.o(.emb_text)
    PendSV_Handler                           0x08000189   Thumb Code    72  port.o(.emb_text)
    vPortGetIPSR                             0x080001d5   Thumb Code     6  port.o(.emb_text)
    Reset_Handler                            0x080001dd   Thumb Code     8  startup_stm32f103xe.o(.text)
    ADC1_2_IRQHandler                        0x080001f7   Thumb Code     0  startup_stm32f103xe.o(.text)
    ADC3_IRQHandler                          0x080001f7   Thumb Code     0  startup_stm32f103xe.o(.text)
    CAN1_RX1_IRQHandler                      0x080001f7   Thumb Code     0  startup_stm32f103xe.o(.text)
    CAN1_SCE_IRQHandler                      0x080001f7   Thumb Code     0  startup_stm32f103xe.o(.text)
    DMA1_Channel1_IRQHandler                 0x080001f7   Thumb Code     0  startup_stm32f103xe.o(.text)
    DMA1_Channel2_IRQHandler                 0x080001f7   Thumb Code     0  startup_stm32f103xe.o(.text)
    DMA1_Channel3_IRQHandler                 0x080001f7   Thumb Code     0  startup_stm32f103xe.o(.text)
    DMA1_Channel4_IRQHandler                 0x080001f7   Thumb Code     0  startup_stm32f103xe.o(.text)
    DMA1_Channel5_IRQHandler                 0x080001f7   Thumb Code     0  startup_stm32f103xe.o(.text)
    DMA1_Channel6_IRQHandler                 0x080001f7   Thumb Code     0  startup_stm32f103xe.o(.text)
    DMA1_Channel7_IRQHandler                 0x080001f7   Thumb Code     0  startup_stm32f103xe.o(.text)
    DMA2_Channel1_IRQHandler                 0x080001f7   Thumb Code     0  startup_stm32f103xe.o(.text)
    DMA2_Channel2_IRQHandler                 0x080001f7   Thumb Code     0  startup_stm32f103xe.o(.text)
    DMA2_Channel3_IRQHandler                 0x080001f7   Thumb Code     0  startup_stm32f103xe.o(.text)
    DMA2_Channel4_5_IRQHandler               0x080001f7   Thumb Code     0  startup_stm32f103xe.o(.text)
    EXTI0_IRQHandler                         0x080001f7   Thumb Code     0  startup_stm32f103xe.o(.text)
    EXTI15_10_IRQHandler                     0x080001f7   Thumb Code     0  startup_stm32f103xe.o(.text)
    EXTI1_IRQHandler                         0x080001f7   Thumb Code     0  startup_stm32f103xe.o(.text)
    EXTI2_IRQHandler                         0x080001f7   Thumb Code     0  startup_stm32f103xe.o(.text)
    EXTI3_IRQHandler                         0x080001f7   Thumb Code     0  startup_stm32f103xe.o(.text)
    EXTI4_IRQHandler                         0x080001f7   Thumb Code     0  startup_stm32f103xe.o(.text)
    EXTI9_5_IRQHandler                       0x080001f7   Thumb Code     0  startup_stm32f103xe.o(.text)
    FLASH_IRQHandler                         0x080001f7   Thumb Code     0  startup_stm32f103xe.o(.text)
    FSMC_IRQHandler                          0x080001f7   Thumb Code     0  startup_stm32f103xe.o(.text)
    I2C1_ER_IRQHandler                       0x080001f7   Thumb Code     0  startup_stm32f103xe.o(.text)
    I2C1_EV_IRQHandler                       0x080001f7   Thumb Code     0  startup_stm32f103xe.o(.text)
    I2C2_ER_IRQHandler                       0x080001f7   Thumb Code     0  startup_stm32f103xe.o(.text)
    I2C2_EV_IRQHandler                       0x080001f7   Thumb Code     0  startup_stm32f103xe.o(.text)
    PVD_IRQHandler                           0x080001f7   Thumb Code     0  startup_stm32f103xe.o(.text)
    RCC_IRQHandler                           0x080001f7   Thumb Code     0  startup_stm32f103xe.o(.text)
    RTC_Alarm_IRQHandler                     0x080001f7   Thumb Code     0  startup_stm32f103xe.o(.text)
    RTC_IRQHandler                           0x080001f7   Thumb Code     0  startup_stm32f103xe.o(.text)
    SDIO_IRQHandler                          0x080001f7   Thumb Code     0  startup_stm32f103xe.o(.text)
    SPI1_IRQHandler                          0x080001f7   Thumb Code     0  startup_stm32f103xe.o(.text)
    SPI2_IRQHandler                          0x080001f7   Thumb Code     0  startup_stm32f103xe.o(.text)
    SPI3_IRQHandler                          0x080001f7   Thumb Code     0  startup_stm32f103xe.o(.text)
    TAMPER_IRQHandler                        0x080001f7   Thumb Code     0  startup_stm32f103xe.o(.text)
    TIM1_BRK_IRQHandler                      0x080001f7   Thumb Code     0  startup_stm32f103xe.o(.text)
    TIM1_CC_IRQHandler                       0x080001f7   Thumb Code     0  startup_stm32f103xe.o(.text)
    TIM1_TRG_COM_IRQHandler                  0x080001f7   Thumb Code     0  startup_stm32f103xe.o(.text)
    TIM1_UP_IRQHandler                       0x080001f7   Thumb Code     0  startup_stm32f103xe.o(.text)
    TIM2_IRQHandler                          0x080001f7   Thumb Code     0  startup_stm32f103xe.o(.text)
    TIM3_IRQHandler                          0x080001f7   Thumb Code     0  startup_stm32f103xe.o(.text)
    TIM4_IRQHandler                          0x080001f7   Thumb Code     0  startup_stm32f103xe.o(.text)
    TIM5_IRQHandler                          0x080001f7   Thumb Code     0  startup_stm32f103xe.o(.text)
    TIM6_IRQHandler                          0x080001f7   Thumb Code     0  startup_stm32f103xe.o(.text)
    TIM7_IRQHandler                          0x080001f7   Thumb Code     0  startup_stm32f103xe.o(.text)
    TIM8_BRK_IRQHandler                      0x080001f7   Thumb Code     0  startup_stm32f103xe.o(.text)
    TIM8_CC_IRQHandler                       0x080001f7   Thumb Code     0  startup_stm32f103xe.o(.text)
    TIM8_TRG_COM_IRQHandler                  0x080001f7   Thumb Code     0  startup_stm32f103xe.o(.text)
    TIM8_UP_IRQHandler                       0x080001f7   Thumb Code     0  startup_stm32f103xe.o(.text)
    UART4_IRQHandler                         0x080001f7   Thumb Code     0  startup_stm32f103xe.o(.text)
    UART5_IRQHandler                         0x080001f7   Thumb Code     0  startup_stm32f103xe.o(.text)
    USART1_IRQHandler                        0x080001f7   Thumb Code     0  startup_stm32f103xe.o(.text)
    USART2_IRQHandler                        0x080001f7   Thumb Code     0  startup_stm32f103xe.o(.text)
    USART3_IRQHandler                        0x080001f7   Thumb Code     0  startup_stm32f103xe.o(.text)
    USBWakeUp_IRQHandler                     0x080001f7   Thumb Code     0  startup_stm32f103xe.o(.text)
    USB_HP_CAN1_TX_IRQHandler                0x080001f7   Thumb Code     0  startup_stm32f103xe.o(.text)
    USB_LP_CAN1_RX0_IRQHandler               0x080001f7   Thumb Code     0  startup_stm32f103xe.o(.text)
    WWDG_IRQHandler                          0x080001f7   Thumb Code     0  startup_stm32f103xe.o(.text)
    __aeabi_llsr                             0x08000201   Thumb Code    32  llushr.o(.text)
    _ll_ushift_r                             0x08000201   Thumb Code     0  llushr.o(.text)
    __aeabi_memcpy                           0x08000221   Thumb Code    36  memcpya.o(.text)
    __aeabi_memcpy4                          0x08000221   Thumb Code     0  memcpya.o(.text)
    __aeabi_memcpy8                          0x08000221   Thumb Code     0  memcpya.o(.text)
    __aeabi_ddiv                             0x08000245   Thumb Code   222  ddiv.o(.text)
    __aeabi_ui2d                             0x08000323   Thumb Code    26  dfltui.o(.text)
    __aeabi_d2uiz                            0x0800033d   Thumb Code    50  dfixui.o(.text)
    __aeabi_llsl                             0x0800036f   Thumb Code    30  llshl.o(.text)
    _ll_shift_l                              0x0800036f   Thumb Code     0  llshl.o(.text)
    __I$use$fp                               0x0800038d   Thumb Code     0  iusefp.o(.text)
    _double_round                            0x0800038d   Thumb Code    30  depilogue.o(.text)
    _double_epilogue                         0x080003ab   Thumb Code   156  depilogue.o(.text)
    __scatterload                            0x08000449   Thumb Code    28  init.o(.text)
    __scatterload_rt2                        0x08000449   Thumb Code     0  init.o(.text)
    BusFault_Handler                         0x0800046d   Thumb Code     2  stm32f1xx_it.o(i.BusFault_Handler)
    CANSPI_Initialize                        0x0800046f   Thumb Code   202  canspi.o(i.CANSPI_Initialize)
    DebugMon_Handler                         0x08000539   Thumb Code     2  stm32f1xx_it.o(i.DebugMon_Handler)
    HAL_GPIO_Init                            0x0800053d   Thumb Code   446  stm32f1xx_hal_gpio.o(i.HAL_GPIO_Init)
    HAL_GPIO_WritePin                        0x08000725   Thumb Code    10  stm32f1xx_hal_gpio.o(i.HAL_GPIO_WritePin)
    HAL_GetTick                              0x08000731   Thumb Code     6  stm32f1xx_hal.o(i.HAL_GetTick)
    HAL_IncTick                              0x0800073d   Thumb Code    12  stm32f1xx_hal.o(i.HAL_IncTick)
    HAL_Init                                 0x0800074d   Thumb Code    32  stm32f1xx_hal.o(i.HAL_Init)
    HAL_InitTick                             0x08000771   Thumb Code    54  stm32f1xx_hal.o(i.HAL_InitTick)
    HAL_MspInit                              0x080007b1   Thumb Code   118  stm32f1xx_hal_msp.o(i.HAL_MspInit)
    HAL_NVIC_SetPriority                     0x08000831   Thumb Code    60  stm32f1xx_hal_cortex.o(i.HAL_NVIC_SetPriority)
    HAL_NVIC_SetPriorityGrouping             0x08000871   Thumb Code    26  stm32f1xx_hal_cortex.o(i.HAL_NVIC_SetPriorityGrouping)
    HAL_RCC_ClockConfig                      0x08000895   Thumb Code   322  stm32f1xx_hal_rcc.o(i.HAL_RCC_ClockConfig)
    HAL_RCC_GetHCLKFreq                      0x080009e9   Thumb Code     6  stm32f1xx_hal_rcc.o(i.HAL_RCC_GetHCLKFreq)
    HAL_RCC_GetPCLK1Freq                     0x080009f5   Thumb Code    20  stm32f1xx_hal_rcc.o(i.HAL_RCC_GetPCLK1Freq)
    HAL_RCC_GetPCLK2Freq                     0x08000a15   Thumb Code    20  stm32f1xx_hal_rcc.o(i.HAL_RCC_GetPCLK2Freq)
    HAL_RCC_GetSysClockFreq                  0x08000a35   Thumb Code    74  stm32f1xx_hal_rcc.o(i.HAL_RCC_GetSysClockFreq)
    HAL_RCC_OscConfig                        0x08000aa1   Thumb Code   750  stm32f1xx_hal_rcc.o(i.HAL_RCC_OscConfig)
    HAL_SPI_GetState                         0x08000da5   Thumb Code     6  stm32f1xx_hal_spi.o(i.HAL_SPI_GetState)
    HAL_SPI_Init                             0x08000dab   Thumb Code   130  stm32f1xx_hal_spi_ex.o(i.HAL_SPI_Init)
    HAL_SPI_MspInit                          0x08000e2d   Thumb Code   122  spi.o(i.HAL_SPI_MspInit)
    HAL_SPI_Receive                          0x08000ebd   Thumb Code   336  stm32f1xx_hal_spi.o(i.HAL_SPI_Receive)
    HAL_SPI_Transmit                         0x0800100d   Thumb Code   360  stm32f1xx_hal_spi.o(i.HAL_SPI_Transmit)
    HAL_SPI_TransmitReceive                  0x08001175   Thumb Code   472  stm32f1xx_hal_spi.o(i.HAL_SPI_TransmitReceive)
    HAL_SYSTICK_CLKSourceConfig              0x0800134d   Thumb Code    24  stm32f1xx_hal_cortex.o(i.HAL_SYSTICK_CLKSourceConfig)
    HAL_SYSTICK_Config                       0x08001365   Thumb Code    40  stm32f1xx_hal_cortex.o(i.HAL_SYSTICK_Config)
    HAL_UART_Init                            0x0800138d   Thumb Code    98  stm32f1xx_hal_uart.o(i.HAL_UART_Init)
    HAL_UART_MspInit                         0x080013f1   Thumb Code    76  usart.o(i.HAL_UART_MspInit)
    HAL_UART_Receive                         0x08001449   Thumb Code   184  stm32f1xx_hal_uart.o(i.HAL_UART_Receive)
    HAL_UART_Transmit                        0x08001501   Thumb Code   186  stm32f1xx_hal_uart.o(i.HAL_UART_Transmit)
    HardFault_Handler                        0x080015bb   Thumb Code     2  stm32f1xx_it.o(i.HardFault_Handler)
    MCP2515_Initialize                       0x080015bd   Thumb Code    36  mcp2515.o(i.MCP2515_Initialize)
    MCP2515_ReadByte                         0x080015e9   Thumb Code    52  mcp2515.o(i.MCP2515_ReadByte)
    MCP2515_SetConfigMode                    0x08001621   Thumb Code    42  mcp2515.o(i.MCP2515_SetConfigMode)
    MCP2515_SetNormalMode                    0x0800164b   Thumb Code    38  mcp2515.o(i.MCP2515_SetNormalMode)
    MCP2515_WriteByte                        0x08001671   Thumb Code    56  mcp2515.o(i.MCP2515_WriteByte)
    MCP2515_WriteByteSequence                0x080016ad   Thumb Code    64  mcp2515.o(i.MCP2515_WriteByteSequence)
    MX_FREERTOS_Init                         0x080016f1   Thumb Code   126  freertos.o(i.MX_FREERTOS_Init)
    MX_GPIO_Init                             0x080017f1   Thumb Code   154  gpio.o(i.MX_GPIO_Init)
    MX_SPI1_Init                             0x0800189d   Thumb Code    64  spi.o(i.MX_SPI1_Init)
    MX_SPI2_Init                             0x080018f5   Thumb Code    64  spi.o(i.MX_SPI2_Init)
    MX_USART1_UART_Init                      0x0800194d   Thumb Code    52  usart.o(i.MX_USART1_UART_Init)
    MemManage_Handler                        0x08001999   Thumb Code     2  stm32f1xx_it.o(i.MemManage_Handler)
    NMI_Handler                              0x0800199b   Thumb Code     2  stm32f1xx_it.o(i.NMI_Handler)
    StartDefaultTask                         0x08001aaf   Thumb Code     8  freertos.o(i.StartDefaultTask)
    SysTick_Handler                          0x08001ab7   Thumb Code    14  stm32f1xx_it.o(i.SysTick_Handler)
    SystemClock_Config                       0x08001ac5   Thumb Code    90  main.o(i.SystemClock_Config)
    SystemInit                               0x08001b21   Thumb Code    56  system_stm32f1xx.o(i.SystemInit)
    UsageFault_Handler                       0x08001d3d   Thumb Code     2  stm32f1xx_it.o(i.UsageFault_Handler)
    _Error_Handler                           0x08001d3f   Thumb Code     2  main.o(i._Error_Handler)
    __scatterload_copy                       0x08001d41   Thumb Code    14  handlers.o(i.__scatterload_copy)
    __scatterload_null                       0x08001d4f   Thumb Code     2  handlers.o(i.__scatterload_null)
    __scatterload_zeroinit                   0x08001d51   Thumb Code    14  handlers.o(i.__scatterload_zeroinit)
    main                                     0x08001d61   Thumb Code    50  main.o(i.main)
    osDelay                                  0x08001da5   Thumb Code    14  cmsis_os.o(i.osDelay)
    osKernelStart                            0x08001db3   Thumb Code    10  cmsis_os.o(i.osKernelStart)
    osSystickHandler                         0x08001dbd   Thumb Code    20  cmsis_os.o(i.osSystickHandler)
    osThreadCreate                           0x08001dd1   Thumb Code    46  cmsis_os.o(i.osThreadCreate)
    pvPortMalloc                             0x08002259   Thumb Code   210  heap_4.o(i.pvPortMalloc)
    pvTaskIncrementMutexHeldCount            0x08002331   Thumb Code    18  tasks.o(i.pvTaskIncrementMutexHeldCount)
    pxPortInitialiseStack                    0x08002349   Thumb Code    32  port.o(i.pxPortInitialiseStack)
    uxListRemove                             0x0800236d   Thumb Code    36  list.o(i.uxListRemove)
    uxQueueMessagesWaiting                   0x08002391   Thumb Code    36  queue.o(i.uxQueueMessagesWaiting)
    vListInitialise                          0x080023b5   Thumb Code    22  list.o(i.vListInitialise)
    vListInitialiseItem                      0x080023cb   Thumb Code     6  list.o(i.vListInitialiseItem)
    vListInsert                              0x080023d1   Thumb Code    48  list.o(i.vListInsert)
    vListInsertEnd                           0x08002401   Thumb Code    24  list.o(i.vListInsertEnd)
    vPortEnterCritical                       0x08002419   Thumb Code    54  port.o(i.vPortEnterCritical)
    vPortExitCritical                        0x08002459   Thumb Code    34  port.o(i.vPortExitCritical)
    vPortFree                                0x08002481   Thumb Code    88  heap_4.o(i.vPortFree)
    vPortSetupTimerInterrupt                 0x080024dd   Thumb Code    26  port.o(i.vPortSetupTimerInterrupt)
    vTaskAddMessageCAN_EEC2                  0x080024fd   Thumb Code   138  can.o(i.vTaskAddMessageCAN_EEC2)
    vTaskDelay                               0x08002599   Thumb Code    66  tasks.o(i.vTaskDelay)
    vTaskMissedYield                         0x080025e5   Thumb Code     8  tasks.o(i.vTaskMissedYield)
    vTaskPlaceOnEventList                    0x080025f1   Thumb Code    44  tasks.o(i.vTaskPlaceOnEventList)
    vTaskPriorityInherit                     0x08002621   Thumb Code   124  tasks.o(i.vTaskPriorityInherit)
    vTaskRecieveMessageSPI1                  0x080026a5   Thumb Code     2  freertos.o(i.vTaskRecieveMessageSPI1)
    vTaskRecieveMessageUsart                 0x080026a9   Thumb Code    50  freertos.o(i.vTaskRecieveMessageUsart)
    vTaskSendMessageUSART                    0x080026e9   Thumb Code    60  freertos.o(i.vTaskSendMessageUSART)
    vTaskSetTimeOutState                     0x08002731   Thumb Code    30  tasks.o(i.vTaskSetTimeOutState)
    vTaskStartScheduler                      0x08002755   Thumb Code    86  tasks.o(i.vTaskStartScheduler)
    vTaskSuspendAll                          0x080027bd   Thumb Code    10  tasks.o(i.vTaskSuspendAll)
    vTaskSwitchContext                       0x080027cd   Thumb Code    82  tasks.o(i.vTaskSwitchContext)
    xPortStartScheduler                      0x08002829   Thumb Code   102  port.o(i.xPortStartScheduler)
    xPortSysTickHandler                      0x0800289d   Thumb Code    38  port.o(i.xPortSysTickHandler)
    xQueueGenericCreate                      0x080028c9   Thumb Code    72  queue.o(i.xQueueGenericCreate)
    xQueueGenericReceive                     0x08002911   Thumb Code   360  queue.o(i.xQueueGenericReceive)
    xQueueGenericReset                       0x08002a7d   Thumb Code   132  queue.o(i.xQueueGenericReset)
    xQueueGenericSend                        0x08002b05   Thumb Code   346  queue.o(i.xQueueGenericSend)
    xTaskCheckForTimeOut                     0x08002c65   Thumb Code   102  tasks.o(i.xTaskCheckForTimeOut)
    xTaskCreate                              0x08002cd1   Thumb Code    86  tasks.o(i.xTaskCreate)
    xTaskGetSchedulerState                   0x08002d29   Thumb Code    22  tasks.o(i.xTaskGetSchedulerState)
    xTaskIncrementTick                       0x08002d45   Thumb Code   192  tasks.o(i.xTaskIncrementTick)
    xTaskPriorityDisinherit                  0x08002e0d   Thumb Code   144  tasks.o(i.xTaskPriorityDisinherit)
    xTaskRemoveFromEventList                 0x08002ea5   Thumb Code   108  tasks.o(i.xTaskRemoveFromEventList)
    xTaskResumeAll                           0x08002f19   Thumb Code   182  tasks.o(i.xTaskResumeAll)
    AHBPrescTable                            0x08002fdc   Data          16  system_stm32f1xx.o(.constdata)
    APBPrescTable                            0x08002fec   Data           8  system_stm32f1xx.o(.constdata)
    Region$$Table$$Base                      0x08003014   Number         0  anon$$obj.o(Region$$Table)
    Region$$Table$$Limit                     0x08003034   Number         0  anon$$obj.o(Region$$Table)
    SystemCoreClock                          0x20000000   Data           4  system_stm32f1xx.o(.data)
    xMessageCAN                              0x20000004   Data           4  freertos.o(.data)
    defaultTaskHandle                        0x20000008   Data           4  freertos.o(.data)
    xHandle                                  0x2000000c   Data           4  freertos.o(.data)
    xMessageUsart                            0x20000010   Data           4  freertos.o(.data)
    accel_pedal                              0x20000014   Data           1  freertos.o(.data)
    uwTickFreq                               0x20000018   Data           1  stm32f1xx_hal.o(.data)
    uwTickPrio                               0x2000001c   Data           4  stm32f1xx_hal.o(.data)
    uwTick                                   0x20000020   Data           4  stm32f1xx_hal.o(.data)
    pxCurrentTCB                             0x20000048   Data           4  tasks.o(.data)
    huart1                                   0x20000084   Data          64  usart.o(.bss)
    hspi1                                    0x200000c4   Data          88  spi.o(.bss)
    hspi2                                    0x2000011c   Data          88  spi.o(.bss)
    __initial_sp                             0x20001268   Data           0  startup_stm32f103xe.o(STACK)



==============================================================================

Memory Map of the image

  Image Entry point : 0x08000131

  Load Region LR_IROM1 (Base: 0x08000000, Size: 0x000030b8, Max: 0x00080000, ABSOLUTE)

    Execution Region ER_IROM1 (Exec base: 0x08000000, Load base: 0x08000000, Size: 0x00003034, Max: 0x00080000, ABSOLUTE)

    Exec Addr    Load Addr    Size         Type   Attr      Idx    E Section Name        Object

    0x08000000   0x08000000   0x00000130   Data   RO          735    RESET               startup_stm32f103xe.o
    0x08000130   0x08000130   0x00000000   Code   RO         3448  * .ARM.Collect$$$$00000000  mc_w.l(entry.o)
    0x08000130   0x08000130   0x00000004   Code   RO         3471    .ARM.Collect$$$$00000001  mc_w.l(entry2.o)
    0x08000134   0x08000134   0x00000004   Code   RO         3474    .ARM.Collect$$$$00000004  mc_w.l(entry5.o)
    0x08000138   0x08000138   0x00000000   Code   RO         3476    .ARM.Collect$$$$00000008  mc_w.l(entry7b.o)
    0x08000138   0x08000138   0x00000000   Code   RO         3478    .ARM.Collect$$$$0000000A  mc_w.l(entry8b.o)
    0x08000138   0x08000138   0x00000008   Code   RO         3479    .ARM.Collect$$$$0000000B  mc_w.l(entry9a.o)
    0x08000140   0x08000140   0x00000000   Code   RO         3481    .ARM.Collect$$$$0000000D  mc_w.l(entry10a.o)
    0x08000140   0x08000140   0x00000000   Code   RO         3483    .ARM.Collect$$$$0000000F  mc_w.l(entry11a.o)
    0x08000140   0x08000140   0x00000004   Code   RO         3472    .ARM.Collect$$$$00002712  mc_w.l(entry2.o)
    0x08000144   0x08000144   0x00000096   Code   RO         2523    .emb_text           port.o
    0x080001da   0x080001da   0x00000002   PAD
    0x080001dc   0x080001dc   0x00000024   Code   RO          736    .text               startup_stm32f103xe.o
    0x08000200   0x08000200   0x00000020   Code   RO         3451    .text               mc_w.l(llushr.o)
    0x08000220   0x08000220   0x00000024   Code   RO         3453    .text               mc_w.l(memcpya.o)
    0x08000244   0x08000244   0x000000de   Code   RO         3459    .text               mf_w.l(ddiv.o)
    0x08000322   0x08000322   0x0000001a   Code   RO         3463    .text               mf_w.l(dfltui.o)
    0x0800033c   0x0800033c   0x00000032   Code   RO         3467    .text               mf_w.l(dfixui.o)
    0x0800036e   0x0800036e   0x0000001e   Code   RO         3485    .text               mc_w.l(llshl.o)
    0x0800038c   0x0800038c   0x00000000   Code   RO         3489    .text               mc_w.l(iusefp.o)
    0x0800038c   0x0800038c   0x000000ba   Code   RO         3490    .text               mf_w.l(depilogue.o)
    0x08000446   0x08000446   0x00000002   PAD
    0x08000448   0x08000448   0x00000024   Code   RO         3492    .text               mc_w.l(init.o)
    0x0800046c   0x0800046c   0x00000002   Code   RO          119    i.BusFault_Handler  stm32f1xx_it.o
    0x0800046e   0x0800046e   0x000000ca   Code   RO          631    i.CANSPI_Initialize  canspi.o
    0x08000538   0x08000538   0x00000002   Code   RO          120    i.DebugMon_Handler  stm32f1xx_it.o
    0x0800053a   0x0800053a   0x00000002   PAD
    0x0800053c   0x0800053c   0x000001e8   Code   RO         1573    i.HAL_GPIO_Init     stm32f1xx_hal_gpio.o
    0x08000724   0x08000724   0x0000000a   Code   RO         1577    i.HAL_GPIO_WritePin  stm32f1xx_hal_gpio.o
    0x0800072e   0x0800072e   0x00000002   PAD
    0x08000730   0x08000730   0x0000000c   Code   RO         1732    i.HAL_GetTick       stm32f1xx_hal.o
    0x0800073c   0x0800073c   0x00000010   Code   RO         1736    i.HAL_IncTick       stm32f1xx_hal.o
    0x0800074c   0x0800074c   0x00000024   Code   RO         1737    i.HAL_Init          stm32f1xx_hal.o
    0x08000770   0x08000770   0x00000040   Code   RO         1738    i.HAL_InitTick      stm32f1xx_hal.o
    0x080007b0   0x080007b0   0x00000080   Code   RO          353    i.HAL_MspInit       stm32f1xx_hal_msp.o
    0x08000830   0x08000830   0x00000040   Code   RO          872    i.HAL_NVIC_SetPriority  stm32f1xx_hal_cortex.o
    0x08000870   0x08000870   0x00000024   Code   RO          873    i.HAL_NVIC_SetPriorityGrouping  stm32f1xx_hal_cortex.o
    0x08000894   0x08000894   0x00000154   Code   RO         1018    i.HAL_RCC_ClockConfig  stm32f1xx_hal_rcc.o
    0x080009e8   0x080009e8   0x0000000c   Code   RO         1023    i.HAL_RCC_GetHCLKFreq  stm32f1xx_hal_rcc.o
    0x080009f4   0x080009f4   0x00000020   Code   RO         1025    i.HAL_RCC_GetPCLK1Freq  stm32f1xx_hal_rcc.o
    0x08000a14   0x08000a14   0x00000020   Code   RO         1026    i.HAL_RCC_GetPCLK2Freq  stm32f1xx_hal_rcc.o
    0x08000a34   0x08000a34   0x0000006c   Code   RO         1027    i.HAL_RCC_GetSysClockFreq  stm32f1xx_hal_rcc.o
    0x08000aa0   0x08000aa0   0x00000304   Code   RO         1030    i.HAL_RCC_OscConfig  stm32f1xx_hal_rcc.o
    0x08000da4   0x08000da4   0x00000006   Code   RO         2038    i.HAL_SPI_GetState  stm32f1xx_hal_spi.o
    0x08000daa   0x08000daa   0x00000082   Code   RO         2352    i.HAL_SPI_Init      stm32f1xx_hal_spi_ex.o
    0x08000e2c   0x08000e2c   0x00000090   Code   RO          378    i.HAL_SPI_MspInit   spi.o
    0x08000ebc   0x08000ebc   0x00000150   Code   RO         2043    i.HAL_SPI_Receive   stm32f1xx_hal_spi.o
    0x0800100c   0x0800100c   0x00000168   Code   RO         2048    i.HAL_SPI_Transmit  stm32f1xx_hal_spi.o
    0x08001174   0x08001174   0x000001d8   Code   RO         2049    i.HAL_SPI_TransmitReceive  stm32f1xx_hal_spi.o
    0x0800134c   0x0800134c   0x00000018   Code   RO          875    i.HAL_SYSTICK_CLKSourceConfig  stm32f1xx_hal_cortex.o
    0x08001364   0x08001364   0x00000028   Code   RO          877    i.HAL_SYSTICK_Config  stm32f1xx_hal_cortex.o
    0x0800138c   0x0800138c   0x00000062   Code   RO         1144    i.HAL_UART_Init     stm32f1xx_hal_uart.o
    0x080013ee   0x080013ee   0x00000002   PAD
    0x080013f0   0x080013f0   0x00000058   Code   RO          312    i.HAL_UART_MspInit  usart.o
    0x08001448   0x08001448   0x000000b8   Code   RO         1147    i.HAL_UART_Receive  stm32f1xx_hal_uart.o
    0x08001500   0x08001500   0x000000ba   Code   RO         1152    i.HAL_UART_Transmit  stm32f1xx_hal_uart.o
    0x080015ba   0x080015ba   0x00000002   Code   RO          121    i.HardFault_Handler  stm32f1xx_it.o
    0x080015bc   0x080015bc   0x0000002c   Code   RO          509    i.MCP2515_Initialize  mcp2515.o
    0x080015e8   0x080015e8   0x00000038   Code   RO          512    i.MCP2515_ReadByte  mcp2515.o
    0x08001620   0x08001620   0x0000002a   Code   RO          517    i.MCP2515_SetConfigMode  mcp2515.o
    0x0800164a   0x0800164a   0x00000026   Code   RO          518    i.MCP2515_SetNormalMode  mcp2515.o
    0x08001670   0x08001670   0x0000003c   Code   RO          520    i.MCP2515_WriteByte  mcp2515.o
    0x080016ac   0x080016ac   0x00000044   Code   RO          521    i.MCP2515_WriteByteSequence  mcp2515.o
    0x080016f0   0x080016f0   0x00000100   Code   RO          425    i.MX_FREERTOS_Init  freertos.o
    0x080017f0   0x080017f0   0x000000ac   Code   RO          231    i.MX_GPIO_Init      gpio.o
    0x0800189c   0x0800189c   0x00000058   Code   RO          379    i.MX_SPI1_Init      spi.o
    0x080018f4   0x080018f4   0x00000058   Code   RO          380    i.MX_SPI2_Init      spi.o
    0x0800194c   0x0800194c   0x0000004c   Code   RO          313    i.MX_USART1_UART_Init  usart.o
    0x08001998   0x08001998   0x00000002   Code   RO          122    i.MemManage_Handler  stm32f1xx_it.o
    0x0800199a   0x0800199a   0x00000002   Code   RO          123    i.NMI_Handler       stm32f1xx_it.o
    0x0800199c   0x0800199c   0x00000020   Code   RO          879    i.NVIC_SetPriority  stm32f1xx_hal_cortex.o
    0x080019bc   0x080019bc   0x00000020   Code   RO         2064    i.SPI_CheckFlag_BSY  stm32f1xx_hal_spi.o
    0x080019dc   0x080019dc   0x00000018   Code   RO          522    i.SPI_Rx            mcp2515.o
    0x080019f4   0x080019f4   0x00000014   Code   RO          523    i.SPI_Tx            mcp2515.o
    0x08001a08   0x08001a08   0x00000010   Code   RO          524    i.SPI_TxBuffer      mcp2515.o
    0x08001a18   0x08001a18   0x00000096   Code   RO         2083    i.SPI_WaitFlagStateUntilTimeout  stm32f1xx_hal_spi.o
    0x08001aae   0x08001aae   0x00000008   Code   RO          426    i.StartDefaultTask  freertos.o
    0x08001ab6   0x08001ab6   0x0000000e   Code   RO          124    i.SysTick_Handler   stm32f1xx_it.o
    0x08001ac4   0x08001ac4   0x0000005a   Code   RO          258    i.SystemClock_Config  main.o
    0x08001b1e   0x08001b1e   0x00000002   PAD
    0x08001b20   0x08001b20   0x00000048   Code   RO            5    i.SystemInit        system_stm32f1xx.o
    0x08001b68   0x08001b68   0x00000170   Code   RO         1170    i.UART_SetConfig    stm32f1xx_hal_uart.o
    0x08001cd8   0x08001cd8   0x00000064   Code   RO         1172    i.UART_WaitOnFlagUntilTimeout  stm32f1xx_hal_uart.o
    0x08001d3c   0x08001d3c   0x00000002   Code   RO          125    i.UsageFault_Handler  stm32f1xx_it.o
    0x08001d3e   0x08001d3e   0x00000002   Code   RO          259    i._Error_Handler    main.o
    0x08001d40   0x08001d40   0x0000000e   Code   RO         3496    i.__scatterload_copy  mc_w.l(handlers.o)
    0x08001d4e   0x08001d4e   0x00000002   Code   RO         3497    i.__scatterload_null  mc_w.l(handlers.o)
    0x08001d50   0x08001d50   0x0000000e   Code   RO         3498    i.__scatterload_zeroinit  mc_w.l(handlers.o)
    0x08001d5e   0x08001d5e   0x00000002   PAD
    0x08001d60   0x08001d60   0x00000038   Code   RO          260    i.main              main.o
    0x08001d98   0x08001d98   0x0000000c   Code   RO         2795    i.makeFreeRtosPriority  cmsis_os.o
    0x08001da4   0x08001da4   0x0000000e   Code   RO         2797    i.osDelay           cmsis_os.o
    0x08001db2   0x08001db2   0x0000000a   Code   RO         2800    i.osKernelStart     cmsis_os.o
    0x08001dbc   0x08001dbc   0x00000014   Code   RO         2833    i.osSystickHandler  cmsis_os.o
    0x08001dd0   0x08001dd0   0x0000002e   Code   RO         2834    i.osThreadCreate    cmsis_os.o
    0x08001dfe   0x08001dfe   0x00000002   PAD
    0x08001e00   0x08001e00   0x00000070   Code   RO         3169    i.prvAddCurrentTaskToDelayedList  tasks.o
    0x08001e70   0x08001e70   0x000000d0   Code   RO         3170    i.prvAddNewTaskToReadyList  tasks.o
    0x08001f40   0x08001f40   0x00000050   Code   RO         3171    i.prvCheckTasksWaitingTermination  tasks.o
    0x08001f90   0x08001f90   0x00000026   Code   RO         2601    i.prvCopyDataFromQueue  queue.o
    0x08001fb6   0x08001fb6   0x0000006c   Code   RO         2602    i.prvCopyDataToQueue  queue.o
    0x08002022   0x08002022   0x00000014   Code   RO         3172    i.prvDeleteTCB      tasks.o
    0x08002036   0x08002036   0x00000002   PAD
    0x08002038   0x08002038   0x0000004c   Code   RO         2373    i.prvHeapInit       heap_4.o
    0x08002084   0x08002084   0x00000028   Code   RO         3173    i.prvIdleTask       tasks.o
    0x080020ac   0x080020ac   0x0000008e   Code   RO         3174    i.prvInitialiseNewTask  tasks.o
    0x0800213a   0x0800213a   0x00000002   PAD
    0x0800213c   0x0800213c   0x0000004c   Code   RO         2374    i.prvInsertBlockIntoFreeList  heap_4.o
    0x08002188   0x08002188   0x0000001c   Code   RO         2603    i.prvIsQueueEmpty   queue.o
    0x080021a4   0x080021a4   0x00000020   Code   RO         3175    i.prvResetNextTaskUnblockTime  tasks.o
    0x080021c4   0x080021c4   0x00000028   Code   RO         2524    i.prvTaskExitError  port.o
    0x080021ec   0x080021ec   0x0000006a   Code   RO         2604    i.prvUnlockQueue    queue.o
    0x08002256   0x08002256   0x00000002   PAD
    0x08002258   0x08002258   0x000000d8   Code   RO         2375    i.pvPortMalloc      heap_4.o
    0x08002330   0x08002330   0x00000018   Code   RO         3177    i.pvTaskIncrementMutexHeldCount  tasks.o
    0x08002348   0x08002348   0x00000024   Code   RO         2525    i.pxPortInitialiseStack  port.o
    0x0800236c   0x0800236c   0x00000024   Code   RO         2749    i.uxListRemove      list.o
    0x08002390   0x08002390   0x00000024   Code   RO         2605    i.uxQueueMessagesWaiting  queue.o
    0x080023b4   0x080023b4   0x00000016   Code   RO         2750    i.vListInitialise   list.o
    0x080023ca   0x080023ca   0x00000006   Code   RO         2751    i.vListInitialiseItem  list.o
    0x080023d0   0x080023d0   0x00000030   Code   RO         2752    i.vListInsert       list.o
    0x08002400   0x08002400   0x00000018   Code   RO         2753    i.vListInsertEnd    list.o
    0x08002418   0x08002418   0x00000040   Code   RO         2527    i.vPortEnterCritical  port.o
    0x08002458   0x08002458   0x00000028   Code   RO         2528    i.vPortExitCritical  port.o
    0x08002480   0x08002480   0x0000005c   Code   RO         2376    i.vPortFree         heap_4.o
    0x080024dc   0x080024dc   0x00000020   Code   RO         2529    i.vPortSetupTimerInterrupt  port.o
    0x080024fc   0x080024fc   0x0000009c   Code   RO          705    i.vTaskAddMessageCAN_EEC2  can.o
    0x08002598   0x08002598   0x0000004c   Code   RO         3183    i.vTaskDelay        tasks.o
    0x080025e4   0x080025e4   0x0000000c   Code   RO         3186    i.vTaskMissedYield  tasks.o
    0x080025f0   0x080025f0   0x00000030   Code   RO         3188    i.vTaskPlaceOnEventList  tasks.o
    0x08002620   0x08002620   0x00000084   Code   RO         3190    i.vTaskPriorityInherit  tasks.o
    0x080026a4   0x080026a4   0x00000002   Code   RO          427    i.vTaskRecieveMessageSPI1  freertos.o
    0x080026a6   0x080026a6   0x00000002   PAD
    0x080026a8   0x080026a8   0x00000040   Code   RO          428    i.vTaskRecieveMessageUsart  freertos.o
    0x080026e8   0x080026e8   0x00000048   Code   RO          430    i.vTaskSendMessageUSART  freertos.o
    0x08002730   0x08002730   0x00000024   Code   RO         3193    i.vTaskSetTimeOutState  tasks.o
    0x08002754   0x08002754   0x00000068   Code   RO         3194    i.vTaskStartScheduler  tasks.o
    0x080027bc   0x080027bc   0x00000010   Code   RO         3196    i.vTaskSuspendAll   tasks.o
    0x080027cc   0x080027cc   0x0000005c   Code   RO         3197    i.vTaskSwitchContext  tasks.o
    0x08002828   0x08002828   0x00000074   Code   RO         2531    i.xPortStartScheduler  port.o
    0x0800289c   0x0800289c   0x0000002c   Code   RO         2532    i.xPortSysTickHandler  port.o
    0x080028c8   0x080028c8   0x00000048   Code   RO         2612    i.xQueueGenericCreate  queue.o
    0x08002910   0x08002910   0x0000016c   Code   RO         2613    i.xQueueGenericReceive  queue.o
    0x08002a7c   0x08002a7c   0x00000088   Code   RO         2614    i.xQueueGenericReset  queue.o
    0x08002b04   0x08002b04   0x00000160   Code   RO         2615    i.xQueueGenericSend  queue.o
    0x08002c64   0x08002c64   0x0000006c   Code   RO         3198    i.xTaskCheckForTimeOut  tasks.o
    0x08002cd0   0x08002cd0   0x00000056   Code   RO         3199    i.xTaskCreate       tasks.o
    0x08002d26   0x08002d26   0x00000002   PAD
    0x08002d28   0x08002d28   0x0000001c   Code   RO         3203    i.xTaskGetSchedulerState  tasks.o
    0x08002d44   0x08002d44   0x000000c8   Code   RO         3206    i.xTaskIncrementTick  tasks.o
    0x08002e0c   0x08002e0c   0x00000098   Code   RO         3209    i.xTaskPriorityDisinherit  tasks.o
    0x08002ea4   0x08002ea4   0x00000074   Code   RO         3210    i.xTaskRemoveFromEventList  tasks.o
    0x08002f18   0x08002f18   0x000000c4   Code   RO         3212    i.xTaskResumeAll    tasks.o
    0x08002fdc   0x08002fdc   0x00000010   Data   RO            6    .constdata          system_stm32f1xx.o
    0x08002fec   0x08002fec   0x00000008   Data   RO            7    .constdata          system_stm32f1xx.o
    0x08002ff4   0x08002ff4   0x00000014   Data   RO          431    .constdata          freertos.o
    0x08003008   0x08003008   0x0000000c   Data   RO          432    .conststring        freertos.o
    0x08003014   0x08003014   0x00000020   Data   RO         3494    Region$$Table       anon$$obj.o


    Execution Region RW_IRAM1 (Exec base: 0x20000000, Load base: 0x08003034, Size: 0x00001268, Max: 0x00010000, ABSOLUTE)

    Exec Addr    Load Addr    Size         Type   Attr      Idx    E Section Name        Object

    0x20000000   0x08003034   0x00000004   Data   RW            8    .data               system_stm32f1xx.o
    0x20000004   0x08003038   0x00000010   Data   RW          433    .data               freertos.o
    0x20000014   0x08003048   0x00000001   Data   RW          434    .data               freertos.o
    0x20000015   0x08003049   0x00000003   PAD
    0x20000018   0x0800304c   0x0000000c   Data   RW         1744    .data               stm32f1xx_hal.o
    0x20000024   0x08003058   0x00000018   Data   RW         2381    .data               heap_4.o
    0x2000003c   0x08003070   0x0000000c   Data   RW         2533    .data               port.o
    0x20000048   0x0800307c   0x0000003c   Data   RW         3215    .data               tasks.o
    0x20000084        -       0x00000040   Zero   RW          314    .bss                usart.o
    0x200000c4        -       0x000000b0   Zero   RW          381    .bss                spi.o
    0x20000174        -       0x00000c00   Zero   RW         2380    .bss                heap_4.o
    0x20000d74        -       0x000000f0   Zero   RW         3214    .bss                tasks.o
    0x20000e64   0x080030b8   0x00000004   PAD
    0x20000e68        -       0x00000400   Zero   RW          733    STACK               startup_stm32f103xe.o


==============================================================================

Image component sizes


      Code (inc. data)   RO Data    RW Data    ZI Data      Debug   Object Name

       156         18          0          0          0       1185   can.o
       202          0          0          0          0        744   canspi.o
       102          0          0          0          0      13056   cmsis_os.o
         0          0          0          0          0       8044   event_groups.o
       402        156         32         17          0       3466   freertos.o
       172         18          0          0          0        879   gpio.o
       460         24          0         24       3072       8603   heap_4.o
       136          0          0          0          0       3298   list.o
       148          6          0          0          0       6441   main.o
       368         32          0          0          0       5252   mcp2515.o
       522         62          0         12          0      10028   port.o
      1240         14          0          0          0      11131   queue.o
       320         70          0          0        176       2114   spi.o
        36          8        304          0       1024        756   startup_stm32f103xe.o
       128         24          0         12          0       3141   stm32f1xx_hal.o
       196         14          0          0          0      25612   stm32f1xx_hal_cortex.o
       498         42          0          0          0       2844   stm32f1xx_hal_gpio.o
       128         10          0          0          0        842   stm32f1xx_hal_msp.o
      1296        104          0          0          0       5528   stm32f1xx_hal_rcc.o
      1356          0          0          0          0       6502   stm32f1xx_hal_spi.o
       130          0          0          0          0       1031   stm32f1xx_hal_spi_ex.o
       936          4          0          0          0       4919   stm32f1xx_hal_uart.o
        26          0          0          0          0      23399   stm32f1xx_it.o
        72         16         24          4          0     458067   system_stm32f1xx.o
      2060        172          0         60        240      21233   tasks.o
       164         36          0          0         64       1558   usart.o

    ----------------------------------------------------------------------
     11276        830        392        132       4580     629673   Object Totals
         0          0         32          0          0          0   (incl. Generated)
        22          0          0          3          4          0   (incl. Padding)

    ----------------------------------------------------------------------

      Code (inc. data)   RO Data    RW Data    ZI Data      Debug   Library Member Name

         0          0          0          0          0          0   entry.o
         0          0          0          0          0          0   entry10a.o
         0          0          0          0          0          0   entry11a.o
         8          4          0          0          0          0   entry2.o
         4          0          0          0          0          0   entry5.o
         0          0          0          0          0          0   entry7b.o
         0          0          0          0          0          0   entry8b.o
         8          4          0          0          0          0   entry9a.o
        30          0          0          0          0          0   handlers.o
        36          8          0          0          0         68   init.o
         0          0          0          0          0          0   iusefp.o
        30          0          0          0          0         68   llshl.o
        32          0          0          0          0         68   llushr.o
        36          0          0          0          0         68   memcpya.o
       222          0          0          0          0        100   ddiv.o
       186          0          0          0          0        176   depilogue.o
        50          0          0          0          0         76   dfixui.o
        26          0          0          0          0         76   dfltui.o

    ----------------------------------------------------------------------
       672         16          0          0          0        700   Library Totals
         4          0          0          0          0          0   (incl. Padding)

    ----------------------------------------------------------------------

      Code (inc. data)   RO Data    RW Data    ZI Data      Debug   Library Name

       184         16          0          0          0        272   mc_w.l
       484          0          0          0          0        428   mf_w.l

    ----------------------------------------------------------------------
       672         16          0          0          0        700   Library Totals

    ----------------------------------------------------------------------

==============================================================================


      Code (inc. data)   RO Data    RW Data    ZI Data      Debug   

     11948        846        392        132       4580     624337   Grand Totals
     11948        846        392        132       4580     624337   ELF Image Totals
     11948        846        392        132          0          0   ROM Totals

==============================================================================

    Total RO  Size (Code + RO Data)                12340 (  12.05kB)
    Total RW  Size (RW Data + ZI Data)              4712 (   4.60kB)
    Total ROM Size (Code + RO Data + RW Data)      12472 (  12.18kB)

==============================================================================

